// Vitest Snapshot v1, https://vitest.dev/guide/snapshot.html

exports[`conformance: starter Pachelbel Canon in D > matches the normalised distinct-notes snapshot (self-regression) 1`] = `
{
  "distinctNoteCount": 48,
  "notes": [
    {
      "freq": 73.42,
      "instrument": "cello",
      "length": 1,
      "occurrences": [
        {
          "measure": "1",
          "offsetSeconds": 4.5,
          "offsetTicks": 2,
          "voice": "cello",
        },
        {
          "measure": "2",
          "offsetSeconds": 9,
          "offsetTicks": 2,
          "voice": "cello",
        },
        {
          "measure": "3",
          "offsetSeconds": 13.5,
          "offsetTicks": 2,
          "voice": "cello",
        },
        {
          "measure": "5",
          "offsetSeconds": 22,
          "offsetTicks": 2,
          "voice": "cello",
        },
        {
          "measure": "7",
          "offsetSeconds": 30.5,
          "offsetTicks": 2,
          "voice": "cello",
        },
        {
          "measure": "9",
          "offsetSeconds": 39,
          "offsetTicks": 2,
          "voice": "cello",
        },
      ],
      "properties": {
        "dampSeconds": 0.5,
      },
      "stress": 0.84,
    },
    {
      "freq": 98,
      "instrument": "cello",
      "length": 1,
      "occurrences": [
        {
          "measure": "1",
          "offsetSeconds": 5.5,
          "offsetTicks": 4,
          "voice": "cello",
        },
        {
          "measure": "2",
          "offsetSeconds": 10,
          "offsetTicks": 4,
          "voice": "cello",
        },
        {
          "measure": "3",
          "offsetSeconds": 14.5,
          "offsetTicks": 4,
          "voice": "cello",
        },
        {
          "measure": "5",
          "offsetSeconds": 23,
          "offsetTicks": 4,
          "voice": "cello",
        },
        {
          "measure": "7",
          "offsetSeconds": 31.5,
          "offsetTicks": 4,
          "voice": "cello",
        },
        {
          "measure": "9",
          "offsetSeconds": 40,
          "offsetTicks": 4,
          "voice": "cello",
        },
      ],
      "properties": {
        "dampSeconds": 0.5,
      },
      "stress": 0.84,
    },
    {
      "freq": 98,
      "instrument": "cello",
      "length": 1,
      "occurrences": [
        {
          "measure": "1",
          "offsetSeconds": 3.5,
          "offsetTicks": 0,
          "voice": "cello",
        },
        {
          "measure": "2",
          "offsetSeconds": 8,
          "offsetTicks": 0,
          "voice": "cello",
        },
        {
          "measure": "3",
          "offsetSeconds": 12.5,
          "offsetTicks": 0,
          "voice": "cello",
        },
        {
          "measure": "5",
          "offsetSeconds": 21,
          "offsetTicks": 0,
          "voice": "cello",
        },
        {
          "measure": "7",
          "offsetSeconds": 29.5,
          "offsetTicks": 0,
          "voice": "cello",
        },
        {
          "measure": "9",
          "offsetSeconds": 38,
          "offsetTicks": 0,
          "voice": "cello",
        },
      ],
      "properties": {
        "dampSeconds": 0.5,
      },
      "stress": 0.96,
    },
    {
      "freq": 110,
      "instrument": "cello",
      "length": 1,
      "occurrences": [
        {
          "measure": "0",
          "offsetSeconds": 1,
          "offsetTicks": 2,
          "voice": "cello",
        },
        {
          "measure": "1",
          "offsetSeconds": 6.5,
          "offsetTicks": 6,
          "voice": "cello",
        },
        {
          "measure": "2",
          "offsetSeconds": 11,
          "offsetTicks": 6,
          "voice": "cello",
        },
        {
          "measure": "3",
          "offsetSeconds": 15.5,
          "offsetTicks": 6,
          "voice": "cello",
        },
        {
          "measure": "4",
          "offsetSeconds": 18,
          "offsetTicks": 2,
          "voice": "cello",
        },
        {
          "measure": "5",
          "offsetSeconds": 24,
          "offsetTicks": 6,
          "voice": "cello",
        },
        {
          "measure": "6",
          "offsetSeconds": 26.5,
          "offsetTicks": 2,
          "voice": "cello",
        },
        {
          "measure": "7",
          "offsetSeconds": 32.5,
          "offsetTicks": 6,
          "voice": "cello",
        },
        {
          "measure": "8",
          "offsetSeconds": 35,
          "offsetTicks": 2,
          "voice": "cello",
        },
        {
          "measure": "9",
          "offsetSeconds": 41,
          "offsetTicks": 6,
          "voice": "cello",
        },
      ],
      "properties": {
        "dampSeconds": 0.5,
      },
      "stress": 0.84,
    },
    {
      "freq": 110,
      "instrument": "cello",
      "length": 1.2242,
      "occurrences": [
        {
          "measure": "10",
          "offsetSeconds": 43.5581,
          "offsetTicks": 2,
          "voice": "cello",
        },
      ],
      "properties": {
        "dampSeconds": 0.6760563254356384,
      },
      "stress": 0.84,
    },
    {
      "freq": 123.47,
      "instrument": "cello",
      "length": 1,
      "occurrences": [
        {
          "measure": "0",
          "offsetSeconds": 2,
          "offsetTicks": 4,
          "voice": "cello",
        },
        {
          "measure": "4",
          "offsetSeconds": 19,
          "offsetTicks": 4,
          "voice": "cello",
        },
        {
          "measure": "6",
          "offsetSeconds": 27.5,
          "offsetTicks": 4,
          "voice": "cello",
        },
        {
          "measure": "8",
          "offsetSeconds": 36,
          "offsetTicks": 4,
          "voice": "cello",
        },
      ],
      "properties": {
        "dampSeconds": 0.5,
      },
      "stress": 0.84,
    },
    {
      "freq": 123.47,
      "instrument": "cello",
      "length": 1.4033,
      "occurrences": [
        {
          "measure": "10",
          "offsetSeconds": 44.7823,
          "offsetTicks": 4,
          "voice": "cello",
        },
      ],
      "properties": {
        "dampSeconds": 0.8571428656578064,
      },
      "stress": 0.84,
    },
    {
      "freq": 146.83,
      "instrument": "cello",
      "length": 1,
      "occurrences": [
        {
          "measure": "0",
          "offsetSeconds": 0,
          "offsetTicks": 0,
          "voice": "cello",
        },
        {
          "measure": "4",
          "offsetSeconds": 17,
          "offsetTicks": 0,
          "voice": "cello",
        },
        {
          "measure": "6",
          "offsetSeconds": 25.5,
          "offsetTicks": 0,
          "voice": "cello",
        },
        {
          "measure": "8",
          "offsetSeconds": 34,
          "offsetTicks": 0,
          "voice": "cello",
        },
      ],
      "properties": {
        "dampSeconds": 0.5,
      },
      "stress": 0.96,
    },
    {
      "freq": 146.83,
      "instrument": "cello",
      "length": 1.0581,
      "occurrences": [
        {
          "measure": "10",
          "offsetSeconds": 42.5,
          "offsetTicks": 0,
          "voice": "cello",
        },
      ],
      "properties": {
        "dampSeconds": 0.5925925970077515,
      },
      "stress": 0.96,
    },
    {
      "freq": 146.83,
      "instrument": "cello",
      "length": 7.6015,
      "occurrences": [
        {
          "measure": "11",
          "offsetSeconds": 47.8999,
          "offsetTicks": 0,
          "voice": "cello",
        },
      ],
      "properties": {
        "dampSeconds": 2.1818182468414307,
      },
      "stress": 0.96,
    },
    {
      "freq": 261.63,
      "instrument": "violin",
      "length": 0.5,
      "occurrences": [
        {
          "measure": "2",
          "offsetSeconds": 9.5,
          "offsetTicks": 3,
          "voice": "violin1",
        },
        {
          "measure": "2",
          "offsetSeconds": 11.5,
          "offsetTicks": 7,
          "voice": "violin1",
        },
        {
          "measure": "3",
          "offsetSeconds": 13,
          "offsetTicks": 1,
          "voice": "violin1",
        },
        {
          "measure": "5",
          "offsetSeconds": 22.5,
          "offsetTicks": 3,
          "voice": "violin1",
        },
        {
          "measure": "5",
          "offsetSeconds": 24.5,
          "offsetTicks": 7,
          "voice": "violin1",
        },
        {
          "measure": "6",
          "offsetSeconds": 26,
          "offsetTicks": 1,
          "voice": "violin1",
        },
        {
          "measure": "8",
          "offsetSeconds": 35.5,
          "offsetTicks": 3,
          "voice": "violin1",
        },
        {
          "measure": "8",
          "offsetSeconds": 37.5,
          "offsetTicks": 7,
          "voice": "violin1",
        },
        {
          "measure": "9",
          "offsetSeconds": 38.5,
          "offsetTicks": 1,
          "voice": "violin1",
        },
        {
          "measure": "4",
          "offsetSeconds": 18.5,
          "offsetTicks": 3,
          "voice": "violin2",
        },
        {
          "measure": "4",
          "offsetSeconds": 20.5,
          "offsetTicks": 7,
          "voice": "violin2",
        },
        {
          "measure": "5",
          "offsetSeconds": 21.5,
          "offsetTicks": 1,
          "voice": "violin2",
        },
        {
          "measure": "7",
          "offsetSeconds": 31,
          "offsetTicks": 3,
          "voice": "violin2",
        },
        {
          "measure": "7",
          "offsetSeconds": 33,
          "offsetTicks": 7,
          "voice": "violin2",
        },
        {
          "measure": "8",
          "offsetSeconds": 34.5,
          "offsetTicks": 1,
          "voice": "violin2",
        },
        {
          "measure": "6",
          "offsetSeconds": 27,
          "offsetTicks": 3,
          "voice": "violin3",
        },
        {
          "measure": "6",
          "offsetSeconds": 29,
          "offsetTicks": 7,
          "voice": "violin3",
        },
        {
          "measure": "7",
          "offsetSeconds": 30,
          "offsetTicks": 1,
          "voice": "violin3",
        },
        {
          "measure": "9",
          "offsetSeconds": 39.5,
          "offsetTicks": 3,
          "voice": "violin3",
        },
        {
          "measure": "9",
          "offsetSeconds": 41.5,
          "offsetTicks": 7,
          "voice": "violin3",
        },
      ],
      "properties": {},
      "stress": 0.72,
    },
    {
      "freq": 261.63,
      "instrument": "violin",
      "length": 0.5581,
      "occurrences": [
        {
          "measure": "10",
          "offsetSeconds": 43,
          "offsetTicks": 1,
          "voice": "violin3",
        },
      ],
      "properties": {},
      "stress": 0.72,
    },
    {
      "freq": 261.63,
      "instrument": "violin",
      "length": 0.6316,
      "occurrences": [
        {
          "measure": "10",
          "offsetSeconds": 44.1507,
          "offsetTicks": 3,
          "voice": "violin2",
        },
      ],
      "properties": {},
      "stress": 0.72,
    },
    {
      "freq": 261.63,
      "instrument": "violin",
      "length": 0.8571,
      "occurrences": [
        {
          "measure": "10",
          "offsetSeconds": 47.0428,
          "offsetTicks": 7,
          "voice": "violin2",
        },
      ],
      "properties": {},
      "stress": 0.72,
    },
    {
      "freq": 293.66,
      "instrument": "violin",
      "length": 0.5,
      "occurrences": [
        {
          "measure": "8",
          "offsetSeconds": 35,
          "offsetTicks": 2,
          "voice": "violin1",
        },
      ],
      "properties": {},
      "stress": 0.84,
    },
    {
      "freq": 349.23,
      "instrument": "violin",
      "length": 0.5,
      "occurrences": [
        {
          "measure": "3",
          "offsetSeconds": 15,
          "offsetTicks": 5,
          "voice": "violin1",
        },
        {
          "measure": "4",
          "offsetSeconds": 20.5,
          "offsetTicks": 7,
          "voice": "violin1",
        },
        {
          "measure": "6",
          "offsetSeconds": 28,
          "offsetTicks": 5,
          "voice": "violin1",
        },
        {
          "measure": "7",
          "offsetSeconds": 33,
          "offsetTicks": 7,
          "voice": "violin1",
        },
        {
          "measure": "9",
          "offsetSeconds": 40.5,
          "offsetTicks": 5,
          "voice": "violin1",
        },
        {
          "measure": "5",
          "offsetSeconds": 23.5,
          "offsetTicks": 5,
          "voice": "violin2",
        },
        {
          "measure": "6",
          "offsetSeconds": 29,
          "offsetTicks": 7,
          "voice": "violin2",
        },
        {
          "measure": "8",
          "offsetSeconds": 36.5,
          "offsetTicks": 5,
          "voice": "violin2",
        },
        {
          "measure": "9",
          "offsetSeconds": 41.5,
          "offsetTicks": 7,
          "voice": "violin2",
        },
        {
          "measure": "7",
          "offsetSeconds": 32,
          "offsetTicks": 5,
          "voice": "violin3",
        },
        {
          "measure": "8",
          "offsetSeconds": 37.5,
          "offsetTicks": 7,
          "voice": "violin3",
        },
      ],
      "properties": {},
      "stress": 0.72,
    },
    {
      "freq": 349.23,
      "instrument": "violin",
      "length": 0.7273,
      "occurrences": [
        {
          "measure": "10",
          "offsetSeconds": 45.4584,
          "offsetTicks": 5,
          "voice": "violin3",
        },
      ],
      "properties": {},
      "stress": 0.72,
    },
    {
      "freq": 349.23,
      "instrument": "violin",
      "length": 0.8571,
      "occurrences": [
        {
          "measure": "10",
          "offsetSeconds": 47.0428,
          "offsetTicks": 7,
          "voice": "violin1",
        },
      ],
      "properties": {},
      "stress": 0.72,
    },
    {
      "freq": 349.23,
      "instrument": "cello",
      "length": 0.5,
      "occurrences": [
        {
          "measure": "0",
          "offsetSeconds": 3,
          "offsetTicks": 6,
          "voice": "cello",
        },
        {
          "measure": "4",
          "offsetSeconds": 20,
          "offsetTicks": 6,
          "voice": "cello",
        },
        {
          "measure": "6",
          "offsetSeconds": 28.5,
          "offsetTicks": 6,
          "voice": "cello",
        },
        {
          "measure": "8",
          "offsetSeconds": 37,
          "offsetTicks": 6,
          "voice": "cello",
        },
      ],
      "properties": {},
      "stress": 0.84,
    },
    {
      "freq": 349.23,
      "instrument": "violin",
      "length": 0.5,
      "occurrences": [
        {
          "measure": "4",
          "offsetSeconds": 19,
          "offsetTicks": 4,
          "voice": "violin1",
        },
        {
          "measure": "7",
          "offsetSeconds": 31.5,
          "offsetTicks": 4,
          "voice": "violin1",
        },
        {
          "measure": "6",
          "offsetSeconds": 27.5,
          "offsetTicks": 4,
          "voice": "violin2",
        },
        {
          "measure": "9",
          "offsetSeconds": 40,
          "offsetTicks": 4,
          "voice": "violin2",
        },
        {
          "measure": "8",
          "offsetSeconds": 36,
          "offsetTicks": 4,
          "voice": "violin3",
        },
      ],
      "properties": {},
      "stress": 0.84,
    },
    {
      "freq": 349.23,
      "instrument": "violin",
      "length": 0.6761,
      "occurrences": [
        {
          "measure": "10",
          "offsetSeconds": 44.7823,
          "offsetTicks": 4,
          "voice": "violin1",
        },
      ],
      "properties": {},
      "stress": 0.84,
    },
    {
      "freq": 349.23,
      "instrument": "cello",
      "length": 0.8571,
      "occurrences": [
        {
          "measure": "10",
          "offsetSeconds": 46.1856,
          "offsetTicks": 6,
          "voice": "cello",
        },
      ],
      "properties": {},
      "stress": 0.84,
    },
    {
      "freq": 349.23,
      "instrument": "violin",
      "length": 0.5,
      "occurrences": [
        {
          "measure": "10",
          "offsetSeconds": 42.5,
          "offsetTicks": 0,
          "voice": "violin1",
        },
        {
          "measure": "2",
          "offsetSeconds": 8,
          "offsetTicks": 0,
          "voice": "violin1",
        },
        {
          "measure": "4",
          "offsetSeconds": 17,
          "offsetTicks": 0,
          "voice": "violin1",
        },
        {
          "measure": "5",
          "offsetSeconds": 21,
          "offsetTicks": 0,
          "voice": "violin1",
        },
        {
          "measure": "7",
          "offsetSeconds": 29.5,
          "offsetTicks": 0,
          "voice": "violin1",
        },
        {
          "measure": "8",
          "offsetSeconds": 34,
          "offsetTicks": 0,
          "voice": "violin1",
        },
        {
          "measure": "10",
          "offsetSeconds": 42.5,
          "offsetTicks": 0,
          "voice": "violin2",
        },
        {
          "measure": "4",
          "offsetSeconds": 17,
          "offsetTicks": 0,
          "voice": "violin2",
        },
        {
          "measure": "6",
          "offsetSeconds": 25.5,
          "offsetTicks": 0,
          "voice": "violin2",
        },
        {
          "measure": "7",
          "offsetSeconds": 29.5,
          "offsetTicks": 0,
          "voice": "violin2",
        },
        {
          "measure": "9",
          "offsetSeconds": 38,
          "offsetTicks": 0,
          "voice": "violin2",
        },
        {
          "measure": "6",
          "offsetSeconds": 25.5,
          "offsetTicks": 0,
          "voice": "violin3",
        },
        {
          "measure": "8",
          "offsetSeconds": 34,
          "offsetTicks": 0,
          "voice": "violin3",
        },
        {
          "measure": "9",
          "offsetSeconds": 38,
          "offsetTicks": 0,
          "voice": "violin3",
        },
      ],
      "properties": {},
      "stress": 0.96,
    },
    {
      "freq": 349.23,
      "instrument": "violin",
      "length": 0.8571,
      "occurrences": [
        {
          "measure": "11",
          "offsetSeconds": 47.8999,
          "offsetTicks": 0,
          "voice": "violin3",
        },
      ],
      "properties": {},
      "stress": 0.96,
    },
    {
      "freq": 392,
      "instrument": "violin",
      "length": 0.5,
      "occurrences": [
        {
          "measure": "3",
          "offsetSeconds": 14.5,
          "offsetTicks": 4,
          "voice": "violin1",
        },
        {
          "measure": "3",
          "offsetSeconds": 15.5,
          "offsetTicks": 6,
          "voice": "violin1",
        },
        {
          "measure": "6",
          "offsetSeconds": 27.5,
          "offsetTicks": 4,
          "voice": "violin1",
        },
        {
          "measure": "6",
          "offsetSeconds": 28.5,
          "offsetTicks": 6,
          "voice": "violin1",
        },
        {
          "measure": "9",
          "offsetSeconds": 40,
          "offsetTicks": 4,
          "voice": "violin1",
        },
        {
          "measure": "9",
          "offsetSeconds": 41,
          "offsetTicks": 6,
          "voice": "violin1",
        },
        {
          "measure": "5",
          "offsetSeconds": 23,
          "offsetTicks": 4,
          "voice": "violin2",
        },
        {
          "measure": "5",
          "offsetSeconds": 24,
          "offsetTicks": 6,
          "voice": "violin2",
        },
        {
          "measure": "8",
          "offsetSeconds": 36,
          "offsetTicks": 4,
          "voice": "violin2",
        },
        {
          "measure": "8",
          "offsetSeconds": 37,
          "offsetTicks": 6,
          "voice": "violin2",
        },
        {
          "measure": "7",
          "offsetSeconds": 31.5,
          "offsetTicks": 4,
          "voice": "violin3",
        },
        {
          "measure": "7",
          "offsetSeconds": 32.5,
          "offsetTicks": 6,
          "voice": "violin3",
        },
      ],
      "properties": {},
      "stress": 0.84,
    },
    {
      "freq": 392,
      "instrument": "violin",
      "length": 0.6761,
      "occurrences": [
        {
          "measure": "10",
          "offsetSeconds": 44.7823,
          "offsetTicks": 4,
          "voice": "violin3",
        },
      ],
      "properties": {},
      "stress": 0.84,
    },
    {
      "freq": 392,
      "instrument": "violin",
      "length": 0.8571,
      "occurrences": [
        {
          "measure": "10",
          "offsetSeconds": 46.1856,
          "offsetTicks": 6,
          "voice": "violin3",
        },
      ],
      "properties": {},
      "stress": 0.84,
    },
    {
      "freq": 440,
      "instrument": "violin",
      "length": 0.5,
      "occurrences": [
        {
          "measure": "2",
          "offsetSeconds": 10.5,
          "offsetTicks": 5,
          "voice": "violin1",
        },
        {
          "measure": "3",
          "offsetSeconds": 14,
          "offsetTicks": 3,
          "voice": "violin1",
        },
        {
          "measure": "3",
          "offsetSeconds": 16,
          "offsetTicks": 7,
          "voice": "violin1",
        },
        {
          "measure": "4",
          "offsetSeconds": 19.5,
          "offsetTicks": 5,
          "voice": "violin1",
        },
        {
          "measure": "5",
          "offsetSeconds": 23.5,
          "offsetTicks": 5,
          "voice": "violin1",
        },
        {
          "measure": "6",
          "offsetSeconds": 27,
          "offsetTicks": 3,
          "voice": "violin1",
        },
        {
          "measure": "6",
          "offsetSeconds": 29,
          "offsetTicks": 7,
          "voice": "violin1",
        },
        {
          "measure": "7",
          "offsetSeconds": 32,
          "offsetTicks": 5,
          "voice": "violin1",
        },
        {
          "measure": "8",
          "offsetSeconds": 36.5,
          "offsetTicks": 5,
          "voice": "violin1",
        },
        {
          "measure": "9",
          "offsetSeconds": 39.5,
          "offsetTicks": 3,
          "voice": "violin1",
        },
        {
          "measure": "9",
          "offsetSeconds": 41.5,
          "offsetTicks": 7,
          "voice": "violin1",
        },
        {
          "measure": "4",
          "offsetSeconds": 19.5,
          "offsetTicks": 5,
          "voice": "violin2",
        },
        {
          "measure": "5",
          "offsetSeconds": 22.5,
          "offsetTicks": 3,
          "voice": "violin2",
        },
        {
          "measure": "5",
          "offsetSeconds": 24.5,
          "offsetTicks": 7,
          "voice": "violin2",
        },
        {
          "measure": "6",
          "offsetSeconds": 28,
          "offsetTicks": 5,
          "voice": "violin2",
        },
        {
          "measure": "7",
          "offsetSeconds": 32,
          "offsetTicks": 5,
          "voice": "violin2",
        },
        {
          "measure": "8",
          "offsetSeconds": 35.5,
          "offsetTicks": 3,
          "voice": "violin2",
        },
        {
          "measure": "8",
          "offsetSeconds": 37.5,
          "offsetTicks": 7,
          "voice": "violin2",
        },
        {
          "measure": "9",
          "offsetSeconds": 40.5,
          "offsetTicks": 5,
          "voice": "violin2",
        },
        {
          "measure": "6",
          "offsetSeconds": 28,
          "offsetTicks": 5,
          "voice": "violin3",
        },
        {
          "measure": "7",
          "offsetSeconds": 31,
          "offsetTicks": 3,
          "voice": "violin3",
        },
        {
          "measure": "7",
          "offsetSeconds": 33,
          "offsetTicks": 7,
          "voice": "violin3",
        },
        {
          "measure": "8",
          "offsetSeconds": 36.5,
          "offsetTicks": 5,
          "voice": "violin3",
        },
        {
          "measure": "9",
          "offsetSeconds": 40.5,
          "offsetTicks": 5,
          "voice": "violin3",
        },
      ],
      "properties": {},
      "stress": 0.72,
    },
    {
      "freq": 440,
      "instrument": "violin",
      "length": 0.6316,
      "occurrences": [
        {
          "measure": "10",
          "offsetSeconds": 44.1507,
          "offsetTicks": 3,
          "voice": "violin3",
        },
      ],
      "properties": {},
      "stress": 0.72,
    },
    {
      "freq": 440,
      "instrument": "violin",
      "length": 0.7273,
      "occurrences": [
        {
          "measure": "10",
          "offsetSeconds": 45.4584,
          "offsetTicks": 5,
          "voice": "violin1",
        },
        {
          "measure": "10",
          "offsetSeconds": 45.4584,
          "offsetTicks": 5,
          "voice": "violin2",
        },
      ],
      "properties": {},
      "stress": 0.72,
    },
    {
      "freq": 440,
      "instrument": "violin",
      "length": 0.8571,
      "occurrences": [
        {
          "measure": "10",
          "offsetSeconds": 47.0428,
          "offsetTicks": 7,
          "voice": "violin3",
        },
      ],
      "properties": {},
      "stress": 0.72,
    },
    {
      "freq": 440,
      "instrument": "violin",
      "length": 0.5,
      "occurrences": [
        {
          "measure": "4",
          "offsetSeconds": 18,
          "offsetTicks": 2,
          "voice": "violin1",
        },
        {
          "measure": "7",
          "offsetSeconds": 30.5,
          "offsetTicks": 2,
          "voice": "violin1",
        },
        {
          "measure": "6",
          "offsetSeconds": 26.5,
          "offsetTicks": 2,
          "voice": "violin2",
        },
        {
          "measure": "9",
          "offsetSeconds": 39,
          "offsetTicks": 2,
          "voice": "violin2",
        },
        {
          "measure": "8",
          "offsetSeconds": 35,
          "offsetTicks": 2,
          "voice": "violin3",
        },
      ],
      "properties": {},
      "stress": 0.84,
    },
    {
      "freq": 440,
      "instrument": "violin",
      "length": 0.5926,
      "occurrences": [
        {
          "measure": "10",
          "offsetSeconds": 43.5581,
          "offsetTicks": 2,
          "voice": "violin1",
        },
      ],
      "properties": {},
      "stress": 0.84,
    },
    {
      "freq": 440,
      "instrument": "violin",
      "length": 7.6015,
      "occurrences": [
        {
          "measure": "11",
          "offsetSeconds": 47.8999,
          "offsetTicks": 0,
          "voice": "violin1",
        },
      ],
      "properties": {
        "@vibrato": "1:0,0;1,1",
      },
      "stress": 0.96,
    },
    {
      "freq": 493.88,
      "instrument": "violin",
      "length": 0.5,
      "occurrences": [
        {
          "measure": "2",
          "offsetSeconds": 10,
          "offsetTicks": 4,
          "voice": "violin1",
        },
        {
          "measure": "2",
          "offsetSeconds": 11,
          "offsetTicks": 6,
          "voice": "violin1",
        },
        {
          "measure": "3",
          "offsetSeconds": 13.5,
          "offsetTicks": 2,
          "voice": "violin1",
        },
        {
          "measure": "5",
          "offsetSeconds": 23,
          "offsetTicks": 4,
          "voice": "violin1",
        },
        {
          "measure": "5",
          "offsetSeconds": 24,
          "offsetTicks": 6,
          "voice": "violin1",
        },
        {
          "measure": "6",
          "offsetSeconds": 26.5,
          "offsetTicks": 2,
          "voice": "violin1",
        },
        {
          "measure": "8",
          "offsetSeconds": 36,
          "offsetTicks": 4,
          "voice": "violin1",
        },
        {
          "measure": "8",
          "offsetSeconds": 37,
          "offsetTicks": 6,
          "voice": "violin1",
        },
        {
          "measure": "9",
          "offsetSeconds": 39,
          "offsetTicks": 2,
          "voice": "violin1",
        },
        {
          "measure": "4",
          "offsetSeconds": 19,
          "offsetTicks": 4,
          "voice": "violin2",
        },
        {
          "measure": "4",
          "offsetSeconds": 20,
          "offsetTicks": 6,
          "voice": "violin2",
        },
        {
          "measure": "5",
          "offsetSeconds": 22,
          "offsetTicks": 2,
          "voice": "violin2",
        },
        {
          "measure": "7",
          "offsetSeconds": 31.5,
          "offsetTicks": 4,
          "voice": "violin2",
        },
        {
          "measure": "7",
          "offsetSeconds": 32.5,
          "offsetTicks": 6,
          "voice": "violin2",
        },
        {
          "measure": "8",
          "offsetSeconds": 35,
          "offsetTicks": 2,
          "voice": "violin2",
        },
        {
          "measure": "6",
          "offsetSeconds": 27.5,
          "offsetTicks": 4,
          "voice": "violin3",
        },
        {
          "measure": "6",
          "offsetSeconds": 28.5,
          "offsetTicks": 6,
          "voice": "violin3",
        },
        {
          "measure": "7",
          "offsetSeconds": 30.5,
          "offsetTicks": 2,
          "voice": "violin3",
        },
        {
          "measure": "9",
          "offsetSeconds": 40,
          "offsetTicks": 4,
          "voice": "violin3",
        },
        {
          "measure": "9",
          "offsetSeconds": 41,
          "offsetTicks": 6,
          "voice": "violin3",
        },
      ],
      "properties": {},
      "stress": 0.84,
    },
    {
      "freq": 493.88,
      "instrument": "violin",
      "length": 0.5926,
      "occurrences": [
        {
          "measure": "10",
          "offsetSeconds": 43.5581,
          "offsetTicks": 2,
          "voice": "violin3",
        },
      ],
      "properties": {},
      "stress": 0.84,
    },
    {
      "freq": 493.88,
      "instrument": "violin",
      "length": 0.6761,
      "occurrences": [
        {
          "measure": "10",
          "offsetSeconds": 44.7823,
          "offsetTicks": 4,
          "voice": "violin2",
        },
      ],
      "properties": {},
      "stress": 0.84,
    },
    {
      "freq": 493.88,
      "instrument": "violin",
      "length": 0.8571,
      "occurrences": [
        {
          "measure": "10",
          "offsetSeconds": 46.1856,
          "offsetTicks": 6,
          "voice": "violin2",
        },
      ],
      "properties": {},
      "stress": 0.84,
    },
    {
      "freq": 587.33,
      "instrument": "violin",
      "length": 0.5,
      "occurrences": [
        {
          "measure": "4",
          "offsetSeconds": 17.5,
          "offsetTicks": 1,
          "voice": "violin1",
        },
        {
          "measure": "4",
          "offsetSeconds": 18.5,
          "offsetTicks": 3,
          "voice": "violin1",
        },
        {
          "measure": "7",
          "offsetSeconds": 30,
          "offsetTicks": 1,
          "voice": "violin1",
        },
        {
          "measure": "7",
          "offsetSeconds": 31,
          "offsetTicks": 3,
          "voice": "violin1",
        },
        {
          "measure": "6",
          "offsetSeconds": 26,
          "offsetTicks": 1,
          "voice": "violin2",
        },
        {
          "measure": "6",
          "offsetSeconds": 27,
          "offsetTicks": 3,
          "voice": "violin2",
        },
        {
          "measure": "9",
          "offsetSeconds": 38.5,
          "offsetTicks": 1,
          "voice": "violin2",
        },
        {
          "measure": "9",
          "offsetSeconds": 39.5,
          "offsetTicks": 3,
          "voice": "violin2",
        },
        {
          "measure": "8",
          "offsetSeconds": 34.5,
          "offsetTicks": 1,
          "voice": "violin3",
        },
        {
          "measure": "8",
          "offsetSeconds": 35.5,
          "offsetTicks": 3,
          "voice": "violin3",
        },
      ],
      "properties": {},
      "stress": 0.72,
    },
    {
      "freq": 587.33,
      "instrument": "violin",
      "length": 0.5581,
      "occurrences": [
        {
          "measure": "10",
          "offsetSeconds": 43,
          "offsetTicks": 1,
          "voice": "violin1",
        },
      ],
      "properties": {},
      "stress": 0.72,
    },
    {
      "freq": 587.33,
      "instrument": "violin",
      "length": 0.6316,
      "occurrences": [
        {
          "measure": "10",
          "offsetSeconds": 44.1507,
          "offsetTicks": 3,
          "voice": "violin1",
        },
      ],
      "properties": {},
      "stress": 0.72,
    },
    {
      "freq": 587.33,
      "instrument": "violin",
      "length": 0.5,
      "occurrences": [
        {
          "measure": "2",
          "offsetSeconds": 9,
          "offsetTicks": 2,
          "voice": "violin1",
        },
        {
          "measure": "4",
          "offsetSeconds": 20,
          "offsetTicks": 6,
          "voice": "violin1",
        },
        {
          "measure": "5",
          "offsetSeconds": 22,
          "offsetTicks": 2,
          "voice": "violin1",
        },
        {
          "measure": "7",
          "offsetSeconds": 32.5,
          "offsetTicks": 6,
          "voice": "violin1",
        },
        {
          "measure": "4",
          "offsetSeconds": 18,
          "offsetTicks": 2,
          "voice": "violin2",
        },
        {
          "measure": "6",
          "offsetSeconds": 28.5,
          "offsetTicks": 6,
          "voice": "violin2",
        },
        {
          "measure": "7",
          "offsetSeconds": 30.5,
          "offsetTicks": 2,
          "voice": "violin2",
        },
        {
          "measure": "9",
          "offsetSeconds": 41,
          "offsetTicks": 6,
          "voice": "violin2",
        },
        {
          "measure": "6",
          "offsetSeconds": 26.5,
          "offsetTicks": 2,
          "voice": "violin3",
        },
        {
          "measure": "8",
          "offsetSeconds": 37,
          "offsetTicks": 6,
          "voice": "violin3",
        },
        {
          "measure": "9",
          "offsetSeconds": 39,
          "offsetTicks": 2,
          "voice": "violin3",
        },
      ],
      "properties": {},
      "stress": 0.84,
    },
    {
      "freq": 587.33,
      "instrument": "violin",
      "length": 0.5926,
      "occurrences": [
        {
          "measure": "10",
          "offsetSeconds": 43.5581,
          "offsetTicks": 2,
          "voice": "violin2",
        },
      ],
      "properties": {},
      "stress": 0.84,
    },
    {
      "freq": 587.33,
      "instrument": "violin",
      "length": 0.8571,
      "occurrences": [
        {
          "measure": "10",
          "offsetSeconds": 46.1856,
          "offsetTicks": 6,
          "voice": "violin1",
        },
      ],
      "properties": {},
      "stress": 0.84,
    },
    {
      "freq": 587.33,
      "instrument": "violin",
      "length": 0.5,
      "occurrences": [
        {
          "measure": "3",
          "offsetSeconds": 12.5,
          "offsetTicks": 0,
          "voice": "violin1",
        },
        {
          "measure": "6",
          "offsetSeconds": 25.5,
          "offsetTicks": 0,
          "voice": "violin1",
        },
        {
          "measure": "9",
          "offsetSeconds": 38,
          "offsetTicks": 0,
          "voice": "violin1",
        },
        {
          "measure": "5",
          "offsetSeconds": 21,
          "offsetTicks": 0,
          "voice": "violin2",
        },
        {
          "measure": "8",
          "offsetSeconds": 34,
          "offsetTicks": 0,
          "voice": "violin2",
        },
        {
          "measure": "10",
          "offsetSeconds": 42.5,
          "offsetTicks": 0,
          "voice": "violin3",
        },
        {
          "measure": "7",
          "offsetSeconds": 29.5,
          "offsetTicks": 0,
          "voice": "violin3",
        },
      ],
      "properties": {},
      "stress": 0.96,
    },
    {
      "freq": 587.33,
      "instrument": "violin",
      "length": 7.6015,
      "occurrences": [
        {
          "measure": "11",
          "offsetSeconds": 47.8999,
          "offsetTicks": 0,
          "voice": "violin2",
        },
      ],
      "properties": {
        "@vibrato": "1:0,0;1,1",
      },
      "stress": 0.96,
    },
    {
      "freq": 659.26,
      "instrument": "violin",
      "length": 0.5,
      "occurrences": [
        {
          "measure": "2",
          "offsetSeconds": 8.5,
          "offsetTicks": 1,
          "voice": "violin1",
        },
        {
          "measure": "5",
          "offsetSeconds": 21.5,
          "offsetTicks": 1,
          "voice": "violin1",
        },
        {
          "measure": "8",
          "offsetSeconds": 34.5,
          "offsetTicks": 1,
          "voice": "violin1",
        },
        {
          "measure": "4",
          "offsetSeconds": 17.5,
          "offsetTicks": 1,
          "voice": "violin2",
        },
        {
          "measure": "7",
          "offsetSeconds": 30,
          "offsetTicks": 1,
          "voice": "violin2",
        },
        {
          "measure": "6",
          "offsetSeconds": 26,
          "offsetTicks": 1,
          "voice": "violin3",
        },
        {
          "measure": "9",
          "offsetSeconds": 38.5,
          "offsetTicks": 1,
          "voice": "violin3",
        },
      ],
      "properties": {},
      "stress": 0.72,
    },
    {
      "freq": 659.26,
      "instrument": "violin",
      "length": 0.5581,
      "occurrences": [
        {
          "measure": "10",
          "offsetSeconds": 43,
          "offsetTicks": 1,
          "voice": "violin2",
        },
      ],
      "properties": {},
      "stress": 0.72,
    },
  ],
  "occurrenceCount": 216,
  "totalLengthSeconds": 57.6832,
  "voices": [
    "cello",
    "violin1",
    "violin2",
    "violin3",
  ],
}
`;
