// Vitest Snapshot v1, https://vitest.dev/guide/snapshot.html

exports[`conformance: starter Pachelbel Canon in D > matches the normalised distinct-notes snapshot (self-regression) 1`] = `
{
  "distinctNoteCount": 48,
  "notes": [
    {
      "freq": 73.42,
      "instrument": "cello",
      "length": 1,
      "occurrences": [
        {
          "measure": "1",
          "offsetSeconds": 17,
          "offsetTicks": 2,
          "voice": "cello",
        },
        {
          "measure": "2",
          "offsetSeconds": 33,
          "offsetTicks": 2,
          "voice": "cello",
        },
        {
          "measure": "3",
          "offsetSeconds": 49,
          "offsetTicks": 2,
          "voice": "cello",
        },
        {
          "measure": "5",
          "offsetSeconds": 81,
          "offsetTicks": 2,
          "voice": "cello",
        },
        {
          "measure": "7",
          "offsetSeconds": 113,
          "offsetTicks": 2,
          "voice": "cello",
        },
        {
          "measure": "9",
          "offsetSeconds": 145,
          "offsetTicks": 2,
          "voice": "cello",
        },
      ],
      "properties": {
        "dampSeconds": 0.5,
      },
      "stress": 0.84,
    },
    {
      "freq": 98,
      "instrument": "cello",
      "length": 1,
      "occurrences": [
        {
          "measure": "1",
          "offsetSeconds": 18,
          "offsetTicks": 4,
          "voice": "cello",
        },
        {
          "measure": "2",
          "offsetSeconds": 34,
          "offsetTicks": 4,
          "voice": "cello",
        },
        {
          "measure": "3",
          "offsetSeconds": 50,
          "offsetTicks": 4,
          "voice": "cello",
        },
        {
          "measure": "5",
          "offsetSeconds": 82,
          "offsetTicks": 4,
          "voice": "cello",
        },
        {
          "measure": "7",
          "offsetSeconds": 114,
          "offsetTicks": 4,
          "voice": "cello",
        },
        {
          "measure": "9",
          "offsetSeconds": 146,
          "offsetTicks": 4,
          "voice": "cello",
        },
      ],
      "properties": {
        "dampSeconds": 0.5,
      },
      "stress": 0.84,
    },
    {
      "freq": 98,
      "instrument": "cello",
      "length": 1,
      "occurrences": [
        {
          "measure": "1",
          "offsetSeconds": 16,
          "offsetTicks": 0,
          "voice": "cello",
        },
        {
          "measure": "2",
          "offsetSeconds": 32,
          "offsetTicks": 0,
          "voice": "cello",
        },
        {
          "measure": "3",
          "offsetSeconds": 48,
          "offsetTicks": 0,
          "voice": "cello",
        },
        {
          "measure": "5",
          "offsetSeconds": 80,
          "offsetTicks": 0,
          "voice": "cello",
        },
        {
          "measure": "7",
          "offsetSeconds": 112,
          "offsetTicks": 0,
          "voice": "cello",
        },
        {
          "measure": "9",
          "offsetSeconds": 144,
          "offsetTicks": 0,
          "voice": "cello",
        },
      ],
      "properties": {
        "dampSeconds": 0.5,
      },
      "stress": 0.96,
    },
    {
      "freq": 110,
      "instrument": "cello",
      "length": 1,
      "occurrences": [
        {
          "measure": "0",
          "offsetSeconds": 1,
          "offsetTicks": 2,
          "voice": "cello",
        },
        {
          "measure": "1",
          "offsetSeconds": 19,
          "offsetTicks": 6,
          "voice": "cello",
        },
        {
          "measure": "2",
          "offsetSeconds": 35,
          "offsetTicks": 6,
          "voice": "cello",
        },
        {
          "measure": "3",
          "offsetSeconds": 51,
          "offsetTicks": 6,
          "voice": "cello",
        },
        {
          "measure": "4",
          "offsetSeconds": 65,
          "offsetTicks": 2,
          "voice": "cello",
        },
        {
          "measure": "5",
          "offsetSeconds": 83,
          "offsetTicks": 6,
          "voice": "cello",
        },
        {
          "measure": "6",
          "offsetSeconds": 97,
          "offsetTicks": 2,
          "voice": "cello",
        },
        {
          "measure": "7",
          "offsetSeconds": 115,
          "offsetTicks": 6,
          "voice": "cello",
        },
        {
          "measure": "8",
          "offsetSeconds": 129,
          "offsetTicks": 2,
          "voice": "cello",
        },
        {
          "measure": "9",
          "offsetSeconds": 147,
          "offsetTicks": 6,
          "voice": "cello",
        },
      ],
      "properties": {
        "dampSeconds": 0.5,
      },
      "stress": 0.84,
    },
    {
      "freq": 110,
      "instrument": "cello",
      "length": 1.2242,
      "occurrences": [
        {
          "measure": "10",
          "offsetSeconds": 161.0581,
          "offsetTicks": 2,
          "voice": "cello",
        },
      ],
      "properties": {
        "dampSeconds": 0.6760563254356384,
      },
      "stress": 0.84,
    },
    {
      "freq": 123.47,
      "instrument": "cello",
      "length": 1,
      "occurrences": [
        {
          "measure": "0",
          "offsetSeconds": 2,
          "offsetTicks": 4,
          "voice": "cello",
        },
        {
          "measure": "4",
          "offsetSeconds": 66,
          "offsetTicks": 4,
          "voice": "cello",
        },
        {
          "measure": "6",
          "offsetSeconds": 98,
          "offsetTicks": 4,
          "voice": "cello",
        },
        {
          "measure": "8",
          "offsetSeconds": 130,
          "offsetTicks": 4,
          "voice": "cello",
        },
      ],
      "properties": {
        "dampSeconds": 0.5,
      },
      "stress": 0.84,
    },
    {
      "freq": 123.47,
      "instrument": "cello",
      "length": 1.4033,
      "occurrences": [
        {
          "measure": "10",
          "offsetSeconds": 162.2823,
          "offsetTicks": 4,
          "voice": "cello",
        },
      ],
      "properties": {
        "dampSeconds": 0.7868852615356445,
      },
      "stress": 0.84,
    },
    {
      "freq": 146.83,
      "instrument": "cello",
      "length": 1,
      "occurrences": [
        {
          "measure": "0",
          "offsetSeconds": 0,
          "offsetTicks": 0,
          "voice": "cello",
        },
        {
          "measure": "4",
          "offsetSeconds": 64,
          "offsetTicks": 0,
          "voice": "cello",
        },
        {
          "measure": "6",
          "offsetSeconds": 96,
          "offsetTicks": 0,
          "voice": "cello",
        },
        {
          "measure": "8",
          "offsetSeconds": 128,
          "offsetTicks": 0,
          "voice": "cello",
        },
      ],
      "properties": {
        "dampSeconds": 0.5,
      },
      "stress": 0.96,
    },
    {
      "freq": 146.83,
      "instrument": "cello",
      "length": 1.0581,
      "occurrences": [
        {
          "measure": "10",
          "offsetSeconds": 160,
          "offsetTicks": 0,
          "voice": "cello",
        },
      ],
      "properties": {
        "dampSeconds": 0.5925925970077515,
      },
      "stress": 0.96,
    },
    {
      "freq": 146.83,
      "instrument": "cello",
      "length": 7.8117,
      "occurrences": [
        {
          "measure": "11",
          "offsetSeconds": 185.9011,
          "offsetTicks": 0,
          "voice": "cello",
        },
      ],
      "properties": {
        "dampSeconds": 2.1818182468414307,
      },
      "stress": 0.96,
    },
    {
      "freq": 261.63,
      "instrument": "violin",
      "length": 0.5,
      "occurrences": [
        {
          "measure": "2",
          "offsetSeconds": 33.5,
          "offsetTicks": 3,
          "voice": "violin1",
        },
        {
          "measure": "2",
          "offsetSeconds": 35.5,
          "offsetTicks": 7,
          "voice": "violin1",
        },
        {
          "measure": "3",
          "offsetSeconds": 48.5,
          "offsetTicks": 1,
          "voice": "violin1",
        },
        {
          "measure": "5",
          "offsetSeconds": 81.5,
          "offsetTicks": 3,
          "voice": "violin1",
        },
        {
          "measure": "5",
          "offsetSeconds": 83.5,
          "offsetTicks": 7,
          "voice": "violin1",
        },
        {
          "measure": "6",
          "offsetSeconds": 96.5,
          "offsetTicks": 1,
          "voice": "violin1",
        },
        {
          "measure": "8",
          "offsetSeconds": 129.5,
          "offsetTicks": 3,
          "voice": "violin1",
        },
        {
          "measure": "8",
          "offsetSeconds": 131.5,
          "offsetTicks": 7,
          "voice": "violin1",
        },
        {
          "measure": "9",
          "offsetSeconds": 144.5,
          "offsetTicks": 1,
          "voice": "violin1",
        },
        {
          "measure": "4",
          "offsetSeconds": 65.5,
          "offsetTicks": 3,
          "voice": "violin2",
        },
        {
          "measure": "4",
          "offsetSeconds": 67.5,
          "offsetTicks": 7,
          "voice": "violin2",
        },
        {
          "measure": "5",
          "offsetSeconds": 80.5,
          "offsetTicks": 1,
          "voice": "violin2",
        },
        {
          "measure": "7",
          "offsetSeconds": 113.5,
          "offsetTicks": 3,
          "voice": "violin2",
        },
        {
          "measure": "7",
          "offsetSeconds": 115.5,
          "offsetTicks": 7,
          "voice": "violin2",
        },
        {
          "measure": "8",
          "offsetSeconds": 128.5,
          "offsetTicks": 1,
          "voice": "violin2",
        },
        {
          "measure": "6",
          "offsetSeconds": 97.5,
          "offsetTicks": 3,
          "voice": "violin3",
        },
        {
          "measure": "6",
          "offsetSeconds": 99.5,
          "offsetTicks": 7,
          "voice": "violin3",
        },
        {
          "measure": "7",
          "offsetSeconds": 112.5,
          "offsetTicks": 1,
          "voice": "violin3",
        },
        {
          "measure": "9",
          "offsetSeconds": 145.5,
          "offsetTicks": 3,
          "voice": "violin3",
        },
        {
          "measure": "9",
          "offsetSeconds": 147.5,
          "offsetTicks": 7,
          "voice": "violin3",
        },
      ],
      "properties": {},
      "stress": 0.72,
    },
    {
      "freq": 261.63,
      "instrument": "violin",
      "length": 0.5581,
      "occurrences": [
        {
          "measure": "10",
          "offsetSeconds": 160.5,
          "offsetTicks": 1,
          "voice": "violin3",
        },
      ],
      "properties": {},
      "stress": 0.72,
    },
    {
      "freq": 261.63,
      "instrument": "violin",
      "length": 0.6316,
      "occurrences": [
        {
          "measure": "10",
          "offsetSeconds": 161.6507,
          "offsetTicks": 3,
          "voice": "violin2",
        },
      ],
      "properties": {},
      "stress": 0.72,
    },
    {
      "freq": 261.63,
      "instrument": "violin",
      "length": 0.8571,
      "occurrences": [
        {
          "measure": "10",
          "offsetSeconds": 164.4725,
          "offsetTicks": 7,
          "voice": "violin2",
        },
      ],
      "properties": {},
      "stress": 0.72,
    },
    {
      "freq": 293.66,
      "instrument": "violin",
      "length": 0.5,
      "occurrences": [
        {
          "measure": "8",
          "offsetSeconds": 129,
          "offsetTicks": 2,
          "voice": "violin1",
        },
      ],
      "properties": {},
      "stress": 0.84,
    },
    {
      "freq": 349.23,
      "instrument": "violin",
      "length": 0.5,
      "occurrences": [
        {
          "measure": "3",
          "offsetSeconds": 50.5,
          "offsetTicks": 5,
          "voice": "violin1",
        },
        {
          "measure": "4",
          "offsetSeconds": 67.5,
          "offsetTicks": 7,
          "voice": "violin1",
        },
        {
          "measure": "6",
          "offsetSeconds": 98.5,
          "offsetTicks": 5,
          "voice": "violin1",
        },
        {
          "measure": "7",
          "offsetSeconds": 115.5,
          "offsetTicks": 7,
          "voice": "violin1",
        },
        {
          "measure": "9",
          "offsetSeconds": 146.5,
          "offsetTicks": 5,
          "voice": "violin1",
        },
        {
          "measure": "5",
          "offsetSeconds": 82.5,
          "offsetTicks": 5,
          "voice": "violin2",
        },
        {
          "measure": "6",
          "offsetSeconds": 99.5,
          "offsetTicks": 7,
          "voice": "violin2",
        },
        {
          "measure": "8",
          "offsetSeconds": 130.5,
          "offsetTicks": 5,
          "voice": "violin2",
        },
        {
          "measure": "9",
          "offsetSeconds": 147.5,
          "offsetTicks": 7,
          "voice": "violin2",
        },
        {
          "measure": "7",
          "offsetSeconds": 114.5,
          "offsetTicks": 5,
          "voice": "violin3",
        },
        {
          "measure": "8",
          "offsetSeconds": 131.5,
          "offsetTicks": 7,
          "voice": "violin3",
        },
      ],
      "properties": {},
      "stress": 0.72,
    },
    {
      "freq": 349.23,
      "instrument": "violin",
      "length": 0.7273,
      "occurrences": [
        {
          "measure": "10",
          "offsetSeconds": 162.9584,
          "offsetTicks": 5,
          "voice": "violin3",
        },
      ],
      "properties": {},
      "stress": 0.72,
    },
    {
      "freq": 349.23,
      "instrument": "violin",
      "length": 0.8571,
      "occurrences": [
        {
          "measure": "10",
          "offsetSeconds": 164.4725,
          "offsetTicks": 7,
          "voice": "violin1",
        },
      ],
      "properties": {},
      "stress": 0.72,
    },
    {
      "freq": 349.23,
      "instrument": "cello",
      "length": 0.5,
      "occurrences": [
        {
          "measure": "0",
          "offsetSeconds": 3,
          "offsetTicks": 6,
          "voice": "cello",
        },
        {
          "measure": "4",
          "offsetSeconds": 67,
          "offsetTicks": 6,
          "voice": "cello",
        },
        {
          "measure": "6",
          "offsetSeconds": 99,
          "offsetTicks": 6,
          "voice": "cello",
        },
        {
          "measure": "8",
          "offsetSeconds": 131,
          "offsetTicks": 6,
          "voice": "cello",
        },
      ],
      "properties": {},
      "stress": 0.84,
    },
    {
      "freq": 349.23,
      "instrument": "violin",
      "length": 0.5,
      "occurrences": [
        {
          "measure": "4",
          "offsetSeconds": 66,
          "offsetTicks": 4,
          "voice": "violin1",
        },
        {
          "measure": "7",
          "offsetSeconds": 114,
          "offsetTicks": 4,
          "voice": "violin1",
        },
        {
          "measure": "6",
          "offsetSeconds": 98,
          "offsetTicks": 4,
          "voice": "violin2",
        },
        {
          "measure": "9",
          "offsetSeconds": 146,
          "offsetTicks": 4,
          "voice": "violin2",
        },
        {
          "measure": "8",
          "offsetSeconds": 130,
          "offsetTicks": 4,
          "voice": "violin3",
        },
      ],
      "properties": {},
      "stress": 0.84,
    },
    {
      "freq": 349.23,
      "instrument": "violin",
      "length": 0.6761,
      "occurrences": [
        {
          "measure": "10",
          "offsetSeconds": 162.2823,
          "offsetTicks": 4,
          "voice": "violin1",
        },
      ],
      "properties": {},
      "stress": 0.84,
    },
    {
      "freq": 349.23,
      "instrument": "cello",
      "length": 0.7869,
      "occurrences": [
        {
          "measure": "10",
          "offsetSeconds": 163.6856,
          "offsetTicks": 6,
          "voice": "cello",
        },
      ],
      "properties": {},
      "stress": 0.84,
    },
    {
      "freq": 349.23,
      "instrument": "violin",
      "length": 0.5,
      "occurrences": [
        {
          "measure": "10",
          "offsetSeconds": 160,
          "offsetTicks": 0,
          "voice": "violin1",
        },
        {
          "measure": "2",
          "offsetSeconds": 32,
          "offsetTicks": 0,
          "voice": "violin1",
        },
        {
          "measure": "4",
          "offsetSeconds": 64,
          "offsetTicks": 0,
          "voice": "violin1",
        },
        {
          "measure": "5",
          "offsetSeconds": 80,
          "offsetTicks": 0,
          "voice": "violin1",
        },
        {
          "measure": "7",
          "offsetSeconds": 112,
          "offsetTicks": 0,
          "voice": "violin1",
        },
        {
          "measure": "8",
          "offsetSeconds": 128,
          "offsetTicks": 0,
          "voice": "violin1",
        },
        {
          "measure": "10",
          "offsetSeconds": 160,
          "offsetTicks": 0,
          "voice": "violin2",
        },
        {
          "measure": "4",
          "offsetSeconds": 64,
          "offsetTicks": 0,
          "voice": "violin2",
        },
        {
          "measure": "6",
          "offsetSeconds": 96,
          "offsetTicks": 0,
          "voice": "violin2",
        },
        {
          "measure": "7",
          "offsetSeconds": 112,
          "offsetTicks": 0,
          "voice": "violin2",
        },
        {
          "measure": "9",
          "offsetSeconds": 144,
          "offsetTicks": 0,
          "voice": "violin2",
        },
        {
          "measure": "6",
          "offsetSeconds": 96,
          "offsetTicks": 0,
          "voice": "violin3",
        },
        {
          "measure": "8",
          "offsetSeconds": 128,
          "offsetTicks": 0,
          "voice": "violin3",
        },
        {
          "measure": "9",
          "offsetSeconds": 144,
          "offsetTicks": 0,
          "voice": "violin3",
        },
      ],
      "properties": {},
      "stress": 0.96,
    },
    {
      "freq": 349.23,
      "instrument": "violin",
      "length": 0.8571,
      "occurrences": [
        {
          "measure": "11",
          "offsetSeconds": 185.9011,
          "offsetTicks": 0,
          "voice": "violin3",
        },
      ],
      "properties": {},
      "stress": 0.96,
    },
    {
      "freq": 392,
      "instrument": "violin",
      "length": 0.5,
      "occurrences": [
        {
          "measure": "3",
          "offsetSeconds": 50,
          "offsetTicks": 4,
          "voice": "violin1",
        },
        {
          "measure": "3",
          "offsetSeconds": 51,
          "offsetTicks": 6,
          "voice": "violin1",
        },
        {
          "measure": "6",
          "offsetSeconds": 98,
          "offsetTicks": 4,
          "voice": "violin1",
        },
        {
          "measure": "6",
          "offsetSeconds": 99,
          "offsetTicks": 6,
          "voice": "violin1",
        },
        {
          "measure": "9",
          "offsetSeconds": 146,
          "offsetTicks": 4,
          "voice": "violin1",
        },
        {
          "measure": "9",
          "offsetSeconds": 147,
          "offsetTicks": 6,
          "voice": "violin1",
        },
        {
          "measure": "5",
          "offsetSeconds": 82,
          "offsetTicks": 4,
          "voice": "violin2",
        },
        {
          "measure": "5",
          "offsetSeconds": 83,
          "offsetTicks": 6,
          "voice": "violin2",
        },
        {
          "measure": "8",
          "offsetSeconds": 130,
          "offsetTicks": 4,
          "voice": "violin2",
        },
        {
          "measure": "8",
          "offsetSeconds": 131,
          "offsetTicks": 6,
          "voice": "violin2",
        },
        {
          "measure": "7",
          "offsetSeconds": 114,
          "offsetTicks": 4,
          "voice": "violin3",
        },
        {
          "measure": "7",
          "offsetSeconds": 115,
          "offsetTicks": 6,
          "voice": "violin3",
        },
      ],
      "properties": {},
      "stress": 0.84,
    },
    {
      "freq": 392,
      "instrument": "violin",
      "length": 0.6761,
      "occurrences": [
        {
          "measure": "10",
          "offsetSeconds": 162.2823,
          "offsetTicks": 4,
          "voice": "violin3",
        },
      ],
      "properties": {},
      "stress": 0.84,
    },
    {
      "freq": 392,
      "instrument": "violin",
      "length": 0.7869,
      "occurrences": [
        {
          "measure": "10",
          "offsetSeconds": 163.6856,
          "offsetTicks": 6,
          "voice": "violin3",
        },
      ],
      "properties": {},
      "stress": 0.84,
    },
    {
      "freq": 440,
      "instrument": "violin",
      "length": 0.5,
      "occurrences": [
        {
          "measure": "2",
          "offsetSeconds": 34.5,
          "offsetTicks": 5,
          "voice": "violin1",
        },
        {
          "measure": "3",
          "offsetSeconds": 49.5,
          "offsetTicks": 3,
          "voice": "violin1",
        },
        {
          "measure": "3",
          "offsetSeconds": 51.5,
          "offsetTicks": 7,
          "voice": "violin1",
        },
        {
          "measure": "4",
          "offsetSeconds": 66.5,
          "offsetTicks": 5,
          "voice": "violin1",
        },
        {
          "measure": "5",
          "offsetSeconds": 82.5,
          "offsetTicks": 5,
          "voice": "violin1",
        },
        {
          "measure": "6",
          "offsetSeconds": 97.5,
          "offsetTicks": 3,
          "voice": "violin1",
        },
        {
          "measure": "6",
          "offsetSeconds": 99.5,
          "offsetTicks": 7,
          "voice": "violin1",
        },
        {
          "measure": "7",
          "offsetSeconds": 114.5,
          "offsetTicks": 5,
          "voice": "violin1",
        },
        {
          "measure": "8",
          "offsetSeconds": 130.5,
          "offsetTicks": 5,
          "voice": "violin1",
        },
        {
          "measure": "9",
          "offsetSeconds": 145.5,
          "offsetTicks": 3,
          "voice": "violin1",
        },
        {
          "measure": "9",
          "offsetSeconds": 147.5,
          "offsetTicks": 7,
          "voice": "violin1",
        },
        {
          "measure": "4",
          "offsetSeconds": 66.5,
          "offsetTicks": 5,
          "voice": "violin2",
        },
        {
          "measure": "5",
          "offsetSeconds": 81.5,
          "offsetTicks": 3,
          "voice": "violin2",
        },
        {
          "measure": "5",
          "offsetSeconds": 83.5,
          "offsetTicks": 7,
          "voice": "violin2",
        },
        {
          "measure": "6",
          "offsetSeconds": 98.5,
          "offsetTicks": 5,
          "voice": "violin2",
        },
        {
          "measure": "7",
          "offsetSeconds": 114.5,
          "offsetTicks": 5,
          "voice": "violin2",
        },
        {
          "measure": "8",
          "offsetSeconds": 129.5,
          "offsetTicks": 3,
          "voice": "violin2",
        },
        {
          "measure": "8",
          "offsetSeconds": 131.5,
          "offsetTicks": 7,
          "voice": "violin2",
        },
        {
          "measure": "9",
          "offsetSeconds": 146.5,
          "offsetTicks": 5,
          "voice": "violin2",
        },
        {
          "measure": "6",
          "offsetSeconds": 98.5,
          "offsetTicks": 5,
          "voice": "violin3",
        },
        {
          "measure": "7",
          "offsetSeconds": 113.5,
          "offsetTicks": 3,
          "voice": "violin3",
        },
        {
          "measure": "7",
          "offsetSeconds": 115.5,
          "offsetTicks": 7,
          "voice": "violin3",
        },
        {
          "measure": "8",
          "offsetSeconds": 130.5,
          "offsetTicks": 5,
          "voice": "violin3",
        },
        {
          "measure": "9",
          "offsetSeconds": 146.5,
          "offsetTicks": 5,
          "voice": "violin3",
        },
      ],
      "properties": {},
      "stress": 0.72,
    },
    {
      "freq": 440,
      "instrument": "violin",
      "length": 0.6316,
      "occurrences": [
        {
          "measure": "10",
          "offsetSeconds": 161.6507,
          "offsetTicks": 3,
          "voice": "violin3",
        },
      ],
      "properties": {},
      "stress": 0.72,
    },
    {
      "freq": 440,
      "instrument": "violin",
      "length": 0.7273,
      "occurrences": [
        {
          "measure": "10",
          "offsetSeconds": 162.9584,
          "offsetTicks": 5,
          "voice": "violin1",
        },
        {
          "measure": "10",
          "offsetSeconds": 162.9584,
          "offsetTicks": 5,
          "voice": "violin2",
        },
      ],
      "properties": {},
      "stress": 0.72,
    },
    {
      "freq": 440,
      "instrument": "violin",
      "length": 0.8571,
      "occurrences": [
        {
          "measure": "10",
          "offsetSeconds": 164.4725,
          "offsetTicks": 7,
          "voice": "violin3",
        },
      ],
      "properties": {},
      "stress": 0.72,
    },
    {
      "freq": 440,
      "instrument": "violin",
      "length": 0.5,
      "occurrences": [
        {
          "measure": "4",
          "offsetSeconds": 65,
          "offsetTicks": 2,
          "voice": "violin1",
        },
        {
          "measure": "7",
          "offsetSeconds": 113,
          "offsetTicks": 2,
          "voice": "violin1",
        },
        {
          "measure": "6",
          "offsetSeconds": 97,
          "offsetTicks": 2,
          "voice": "violin2",
        },
        {
          "measure": "9",
          "offsetSeconds": 145,
          "offsetTicks": 2,
          "voice": "violin2",
        },
        {
          "measure": "8",
          "offsetSeconds": 129,
          "offsetTicks": 2,
          "voice": "violin3",
        },
      ],
      "properties": {},
      "stress": 0.84,
    },
    {
      "freq": 440,
      "instrument": "violin",
      "length": 0.5926,
      "occurrences": [
        {
          "measure": "10",
          "offsetSeconds": 161.0581,
          "offsetTicks": 2,
          "voice": "violin1",
        },
      ],
      "properties": {},
      "stress": 0.84,
    },
    {
      "freq": 440,
      "instrument": "violin",
      "length": 7.8117,
      "occurrences": [
        {
          "measure": "11",
          "offsetSeconds": 185.9011,
          "offsetTicks": 0,
          "voice": "violin1",
        },
      ],
      "properties": {
        "@vibrato": "1:0,0;1,1",
      },
      "stress": 0.96,
    },
    {
      "freq": 493.88,
      "instrument": "violin",
      "length": 0.5,
      "occurrences": [
        {
          "measure": "2",
          "offsetSeconds": 34,
          "offsetTicks": 4,
          "voice": "violin1",
        },
        {
          "measure": "2",
          "offsetSeconds": 35,
          "offsetTicks": 6,
          "voice": "violin1",
        },
        {
          "measure": "3",
          "offsetSeconds": 49,
          "offsetTicks": 2,
          "voice": "violin1",
        },
        {
          "measure": "5",
          "offsetSeconds": 82,
          "offsetTicks": 4,
          "voice": "violin1",
        },
        {
          "measure": "5",
          "offsetSeconds": 83,
          "offsetTicks": 6,
          "voice": "violin1",
        },
        {
          "measure": "6",
          "offsetSeconds": 97,
          "offsetTicks": 2,
          "voice": "violin1",
        },
        {
          "measure": "8",
          "offsetSeconds": 130,
          "offsetTicks": 4,
          "voice": "violin1",
        },
        {
          "measure": "8",
          "offsetSeconds": 131,
          "offsetTicks": 6,
          "voice": "violin1",
        },
        {
          "measure": "9",
          "offsetSeconds": 145,
          "offsetTicks": 2,
          "voice": "violin1",
        },
        {
          "measure": "4",
          "offsetSeconds": 66,
          "offsetTicks": 4,
          "voice": "violin2",
        },
        {
          "measure": "4",
          "offsetSeconds": 67,
          "offsetTicks": 6,
          "voice": "violin2",
        },
        {
          "measure": "5",
          "offsetSeconds": 81,
          "offsetTicks": 2,
          "voice": "violin2",
        },
        {
          "measure": "7",
          "offsetSeconds": 114,
          "offsetTicks": 4,
          "voice": "violin2",
        },
        {
          "measure": "7",
          "offsetSeconds": 115,
          "offsetTicks": 6,
          "voice": "violin2",
        },
        {
          "measure": "8",
          "offsetSeconds": 129,
          "offsetTicks": 2,
          "voice": "violin2",
        },
        {
          "measure": "6",
          "offsetSeconds": 98,
          "offsetTicks": 4,
          "voice": "violin3",
        },
        {
          "measure": "6",
          "offsetSeconds": 99,
          "offsetTicks": 6,
          "voice": "violin3",
        },
        {
          "measure": "7",
          "offsetSeconds": 113,
          "offsetTicks": 2,
          "voice": "violin3",
        },
        {
          "measure": "9",
          "offsetSeconds": 146,
          "offsetTicks": 4,
          "voice": "violin3",
        },
        {
          "measure": "9",
          "offsetSeconds": 147,
          "offsetTicks": 6,
          "voice": "violin3",
        },
      ],
      "properties": {},
      "stress": 0.84,
    },
    {
      "freq": 493.88,
      "instrument": "violin",
      "length": 0.5926,
      "occurrences": [
        {
          "measure": "10",
          "offsetSeconds": 161.0581,
          "offsetTicks": 2,
          "voice": "violin3",
        },
      ],
      "properties": {},
      "stress": 0.84,
    },
    {
      "freq": 493.88,
      "instrument": "violin",
      "length": 0.6761,
      "occurrences": [
        {
          "measure": "10",
          "offsetSeconds": 162.2823,
          "offsetTicks": 4,
          "voice": "violin2",
        },
      ],
      "properties": {},
      "stress": 0.84,
    },
    {
      "freq": 493.88,
      "instrument": "violin",
      "length": 0.7869,
      "occurrences": [
        {
          "measure": "10",
          "offsetSeconds": 163.6856,
          "offsetTicks": 6,
          "voice": "violin2",
        },
      ],
      "properties": {},
      "stress": 0.84,
    },
    {
      "freq": 587.33,
      "instrument": "violin",
      "length": 0.5,
      "occurrences": [
        {
          "measure": "4",
          "offsetSeconds": 64.5,
          "offsetTicks": 1,
          "voice": "violin1",
        },
        {
          "measure": "4",
          "offsetSeconds": 65.5,
          "offsetTicks": 3,
          "voice": "violin1",
        },
        {
          "measure": "7",
          "offsetSeconds": 112.5,
          "offsetTicks": 1,
          "voice": "violin1",
        },
        {
          "measure": "7",
          "offsetSeconds": 113.5,
          "offsetTicks": 3,
          "voice": "violin1",
        },
        {
          "measure": "6",
          "offsetSeconds": 96.5,
          "offsetTicks": 1,
          "voice": "violin2",
        },
        {
          "measure": "6",
          "offsetSeconds": 97.5,
          "offsetTicks": 3,
          "voice": "violin2",
        },
        {
          "measure": "9",
          "offsetSeconds": 144.5,
          "offsetTicks": 1,
          "voice": "violin2",
        },
        {
          "measure": "9",
          "offsetSeconds": 145.5,
          "offsetTicks": 3,
          "voice": "violin2",
        },
        {
          "measure": "8",
          "offsetSeconds": 128.5,
          "offsetTicks": 1,
          "voice": "violin3",
        },
        {
          "measure": "8",
          "offsetSeconds": 129.5,
          "offsetTicks": 3,
          "voice": "violin3",
        },
      ],
      "properties": {},
      "stress": 0.72,
    },
    {
      "freq": 587.33,
      "instrument": "violin",
      "length": 0.5581,
      "occurrences": [
        {
          "measure": "10",
          "offsetSeconds": 160.5,
          "offsetTicks": 1,
          "voice": "violin1",
        },
      ],
      "properties": {},
      "stress": 0.72,
    },
    {
      "freq": 587.33,
      "instrument": "violin",
      "length": 0.6316,
      "occurrences": [
        {
          "measure": "10",
          "offsetSeconds": 161.6507,
          "offsetTicks": 3,
          "voice": "violin1",
        },
      ],
      "properties": {},
      "stress": 0.72,
    },
    {
      "freq": 587.33,
      "instrument": "violin",
      "length": 0.5,
      "occurrences": [
        {
          "measure": "2",
          "offsetSeconds": 33,
          "offsetTicks": 2,
          "voice": "violin1",
        },
        {
          "measure": "4",
          "offsetSeconds": 67,
          "offsetTicks": 6,
          "voice": "violin1",
        },
        {
          "measure": "5",
          "offsetSeconds": 81,
          "offsetTicks": 2,
          "voice": "violin1",
        },
        {
          "measure": "7",
          "offsetSeconds": 115,
          "offsetTicks": 6,
          "voice": "violin1",
        },
        {
          "measure": "4",
          "offsetSeconds": 65,
          "offsetTicks": 2,
          "voice": "violin2",
        },
        {
          "measure": "6",
          "offsetSeconds": 99,
          "offsetTicks": 6,
          "voice": "violin2",
        },
        {
          "measure": "7",
          "offsetSeconds": 113,
          "offsetTicks": 2,
          "voice": "violin2",
        },
        {
          "measure": "9",
          "offsetSeconds": 147,
          "offsetTicks": 6,
          "voice": "violin2",
        },
        {
          "measure": "6",
          "offsetSeconds": 97,
          "offsetTicks": 2,
          "voice": "violin3",
        },
        {
          "measure": "8",
          "offsetSeconds": 131,
          "offsetTicks": 6,
          "voice": "violin3",
        },
        {
          "measure": "9",
          "offsetSeconds": 145,
          "offsetTicks": 2,
          "voice": "violin3",
        },
      ],
      "properties": {},
      "stress": 0.84,
    },
    {
      "freq": 587.33,
      "instrument": "violin",
      "length": 0.5926,
      "occurrences": [
        {
          "measure": "10",
          "offsetSeconds": 161.0581,
          "offsetTicks": 2,
          "voice": "violin2",
        },
      ],
      "properties": {},
      "stress": 0.84,
    },
    {
      "freq": 587.33,
      "instrument": "violin",
      "length": 0.7869,
      "occurrences": [
        {
          "measure": "10",
          "offsetSeconds": 163.6856,
          "offsetTicks": 6,
          "voice": "violin1",
        },
      ],
      "properties": {},
      "stress": 0.84,
    },
    {
      "freq": 587.33,
      "instrument": "violin",
      "length": 0.5,
      "occurrences": [
        {
          "measure": "3",
          "offsetSeconds": 48,
          "offsetTicks": 0,
          "voice": "violin1",
        },
        {
          "measure": "6",
          "offsetSeconds": 96,
          "offsetTicks": 0,
          "voice": "violin1",
        },
        {
          "measure": "9",
          "offsetSeconds": 144,
          "offsetTicks": 0,
          "voice": "violin1",
        },
        {
          "measure": "5",
          "offsetSeconds": 80,
          "offsetTicks": 0,
          "voice": "violin2",
        },
        {
          "measure": "8",
          "offsetSeconds": 128,
          "offsetTicks": 0,
          "voice": "violin2",
        },
        {
          "measure": "10",
          "offsetSeconds": 160,
          "offsetTicks": 0,
          "voice": "violin3",
        },
        {
          "measure": "7",
          "offsetSeconds": 112,
          "offsetTicks": 0,
          "voice": "violin3",
        },
      ],
      "properties": {},
      "stress": 0.96,
    },
    {
      "freq": 587.33,
      "instrument": "violin",
      "length": 7.8117,
      "occurrences": [
        {
          "measure": "11",
          "offsetSeconds": 185.9011,
          "offsetTicks": 0,
          "voice": "violin2",
        },
      ],
      "properties": {
        "@vibrato": "1:0,0;1,1",
      },
      "stress": 0.96,
    },
    {
      "freq": 659.26,
      "instrument": "violin",
      "length": 0.5,
      "occurrences": [
        {
          "measure": "2",
          "offsetSeconds": 32.5,
          "offsetTicks": 1,
          "voice": "violin1",
        },
        {
          "measure": "5",
          "offsetSeconds": 80.5,
          "offsetTicks": 1,
          "voice": "violin1",
        },
        {
          "measure": "8",
          "offsetSeconds": 128.5,
          "offsetTicks": 1,
          "voice": "violin1",
        },
        {
          "measure": "4",
          "offsetSeconds": 64.5,
          "offsetTicks": 1,
          "voice": "violin2",
        },
        {
          "measure": "7",
          "offsetSeconds": 112.5,
          "offsetTicks": 1,
          "voice": "violin2",
        },
        {
          "measure": "6",
          "offsetSeconds": 96.5,
          "offsetTicks": 1,
          "voice": "violin3",
        },
        {
          "measure": "9",
          "offsetSeconds": 144.5,
          "offsetTicks": 1,
          "voice": "violin3",
        },
      ],
      "properties": {},
      "stress": 0.72,
    },
    {
      "freq": 659.26,
      "instrument": "violin",
      "length": 0.5581,
      "occurrences": [
        {
          "measure": "10",
          "offsetSeconds": 160.5,
          "offsetTicks": 1,
          "voice": "violin2",
        },
      ],
      "properties": {},
      "stress": 0.72,
    },
  ],
  "occurrenceCount": 216,
  "totalLengthSeconds": 219.8946,
  "voices": [
    "cello",
    "violin1",
    "violin2",
    "violin3",
  ],
}
`;
