// Vitest Snapshot v1, https://vitest.dev/guide/snapshot.html

exports[`conformance: starter Sandstorm > matches the normalised distinct-notes snapshot (self-regression) 1`] = `
{
  "distinctNoteCount": 30,
  "notes": [
    {
      "freq": 32.7,
      "instrument": "sandstorm-kick",
      "length": 0.1103,
      "occurrences": [
        {
          "measure": "0",
          "offsetSeconds": 0.4412,
          "offsetTicks": 4,
          "voice": "kick",
        },
        {
          "measure": "0",
          "offsetSeconds": 1.3235,
          "offsetTicks": 12,
          "voice": "kick",
        },
        {
          "measure": "1",
          "offsetSeconds": 2.2059,
          "offsetTicks": 4,
          "voice": "kick",
        },
        {
          "measure": "1",
          "offsetSeconds": 3.0882,
          "offsetTicks": 12,
          "voice": "kick",
        },
        {
          "measure": "10",
          "offsetSeconds": 18.0882,
          "offsetTicks": 4,
          "voice": "kick",
        },
        {
          "measure": "10",
          "offsetSeconds": 18.9706,
          "offsetTicks": 12,
          "voice": "kick",
        },
        {
          "measure": "11",
          "offsetSeconds": 19.8529,
          "offsetTicks": 4,
          "voice": "kick",
        },
        {
          "measure": "11",
          "offsetSeconds": 20.7353,
          "offsetTicks": 12,
          "voice": "kick",
        },
        {
          "measure": "2",
          "offsetSeconds": 3.9706,
          "offsetTicks": 4,
          "voice": "kick",
        },
        {
          "measure": "2",
          "offsetSeconds": 4.8529,
          "offsetTicks": 12,
          "voice": "kick",
        },
        {
          "measure": "3",
          "offsetSeconds": 5.7353,
          "offsetTicks": 4,
          "voice": "kick",
        },
        {
          "measure": "3",
          "offsetSeconds": 6.6176,
          "offsetTicks": 12,
          "voice": "kick",
        },
        {
          "measure": "4",
          "offsetSeconds": 7.5,
          "offsetTicks": 4,
          "voice": "kick",
        },
        {
          "measure": "4",
          "offsetSeconds": 8.3824,
          "offsetTicks": 12,
          "voice": "kick",
        },
        {
          "measure": "5",
          "offsetSeconds": 9.2647,
          "offsetTicks": 4,
          "voice": "kick",
        },
        {
          "measure": "5",
          "offsetSeconds": 10.1471,
          "offsetTicks": 12,
          "voice": "kick",
        },
        {
          "measure": "6",
          "offsetSeconds": 11.0294,
          "offsetTicks": 4,
          "voice": "kick",
        },
        {
          "measure": "6",
          "offsetSeconds": 11.9118,
          "offsetTicks": 12,
          "voice": "kick",
        },
        {
          "measure": "7",
          "offsetSeconds": 12.7941,
          "offsetTicks": 4,
          "voice": "kick",
        },
        {
          "measure": "7",
          "offsetSeconds": 13.6765,
          "offsetTicks": 12,
          "voice": "kick",
        },
        {
          "measure": "8",
          "offsetSeconds": 14.5588,
          "offsetTicks": 4,
          "voice": "kick",
        },
        {
          "measure": "8",
          "offsetSeconds": 15.4412,
          "offsetTicks": 12,
          "voice": "kick",
        },
        {
          "measure": "9",
          "offsetSeconds": 16.3235,
          "offsetTicks": 4,
          "voice": "kick",
        },
        {
          "measure": "9",
          "offsetSeconds": 17.2059,
          "offsetTicks": 12,
          "voice": "kick",
        },
      ],
      "properties": {
        "dampSeconds": 0.3308823529411765,
      },
      "stress": 0.85,
    },
    {
      "freq": 32.7,
      "instrument": "sandstorm-kick",
      "length": 0.1103,
      "occurrences": [
        {
          "measure": "0",
          "offsetSeconds": 0.8824,
          "offsetTicks": 8,
          "voice": "kick",
        },
        {
          "measure": "1",
          "offsetSeconds": 2.6471,
          "offsetTicks": 8,
          "voice": "kick",
        },
        {
          "measure": "10",
          "offsetSeconds": 18.5294,
          "offsetTicks": 8,
          "voice": "kick",
        },
        {
          "measure": "11",
          "offsetSeconds": 20.2941,
          "offsetTicks": 8,
          "voice": "kick",
        },
        {
          "measure": "2",
          "offsetSeconds": 4.4118,
          "offsetTicks": 8,
          "voice": "kick",
        },
        {
          "measure": "3",
          "offsetSeconds": 6.1765,
          "offsetTicks": 8,
          "voice": "kick",
        },
        {
          "measure": "4",
          "offsetSeconds": 7.9412,
          "offsetTicks": 8,
          "voice": "kick",
        },
        {
          "measure": "5",
          "offsetSeconds": 9.7059,
          "offsetTicks": 8,
          "voice": "kick",
        },
        {
          "measure": "6",
          "offsetSeconds": 11.4706,
          "offsetTicks": 8,
          "voice": "kick",
        },
        {
          "measure": "7",
          "offsetSeconds": 13.2353,
          "offsetTicks": 8,
          "voice": "kick",
        },
        {
          "measure": "8",
          "offsetSeconds": 15,
          "offsetTicks": 8,
          "voice": "kick",
        },
        {
          "measure": "9",
          "offsetSeconds": 16.7647,
          "offsetTicks": 8,
          "voice": "kick",
        },
      ],
      "properties": {
        "dampSeconds": 0.3308823529411765,
      },
      "stress": 0.925,
    },
    {
      "freq": 32.7,
      "instrument": "sandstorm-kick",
      "length": 0.1103,
      "occurrences": [
        {
          "measure": "0",
          "offsetSeconds": 0,
          "offsetTicks": 0,
          "voice": "kick",
        },
        {
          "measure": "1",
          "offsetSeconds": 1.7647,
          "offsetTicks": 0,
          "voice": "kick",
        },
        {
          "measure": "10",
          "offsetSeconds": 17.6471,
          "offsetTicks": 0,
          "voice": "kick",
        },
        {
          "measure": "11",
          "offsetSeconds": 19.4118,
          "offsetTicks": 0,
          "voice": "kick",
        },
        {
          "measure": "2",
          "offsetSeconds": 3.5294,
          "offsetTicks": 0,
          "voice": "kick",
        },
        {
          "measure": "3",
          "offsetSeconds": 5.2941,
          "offsetTicks": 0,
          "voice": "kick",
        },
        {
          "measure": "4",
          "offsetSeconds": 7.0588,
          "offsetTicks": 0,
          "voice": "kick",
        },
        {
          "measure": "5",
          "offsetSeconds": 8.8235,
          "offsetTicks": 0,
          "voice": "kick",
        },
        {
          "measure": "6",
          "offsetSeconds": 10.5882,
          "offsetTicks": 0,
          "voice": "kick",
        },
        {
          "measure": "7",
          "offsetSeconds": 12.3529,
          "offsetTicks": 0,
          "voice": "kick",
        },
        {
          "measure": "8",
          "offsetSeconds": 14.1176,
          "offsetTicks": 0,
          "voice": "kick",
        },
        {
          "measure": "9",
          "offsetSeconds": 15.8824,
          "offsetTicks": 0,
          "voice": "kick",
        },
      ],
      "properties": {
        "dampSeconds": 0.3308823529411765,
      },
      "stress": 1,
    },
    {
      "freq": 73.42,
      "instrument": "sandstorm-bass",
      "length": 0.4412,
      "occurrences": [
        {
          "measure": "11",
          "offsetSeconds": 19.8529,
          "offsetTicks": 4,
          "voice": "bass",
        },
        {
          "measure": "11",
          "offsetSeconds": 20.7353,
          "offsetTicks": 12,
          "voice": "bass",
        },
        {
          "measure": "7",
          "offsetSeconds": 12.7941,
          "offsetTicks": 4,
          "voice": "bass",
        },
        {
          "measure": "7",
          "offsetSeconds": 13.6765,
          "offsetTicks": 12,
          "voice": "bass",
        },
      ],
      "properties": {},
      "stress": 0.85,
    },
    {
      "freq": 73.42,
      "instrument": "sandstorm-bass",
      "length": 0.4412,
      "occurrences": [
        {
          "measure": "11",
          "offsetSeconds": 20.2941,
          "offsetTicks": 8,
          "voice": "bass",
        },
        {
          "measure": "7",
          "offsetSeconds": 13.2353,
          "offsetTicks": 8,
          "voice": "bass",
        },
      ],
      "properties": {},
      "stress": 0.925,
    },
    {
      "freq": 73.42,
      "instrument": "sandstorm-bass",
      "length": 0.4412,
      "occurrences": [
        {
          "measure": "11",
          "offsetSeconds": 19.4118,
          "offsetTicks": 0,
          "voice": "bass",
        },
        {
          "measure": "7",
          "offsetSeconds": 12.3529,
          "offsetTicks": 0,
          "voice": "bass",
        },
      ],
      "properties": {},
      "stress": 1,
    },
    {
      "freq": 82.41,
      "instrument": "sandstorm-bass",
      "length": 0.4412,
      "occurrences": [
        {
          "measure": "10",
          "offsetSeconds": 18.0882,
          "offsetTicks": 4,
          "voice": "bass",
        },
        {
          "measure": "10",
          "offsetSeconds": 18.9706,
          "offsetTicks": 12,
          "voice": "bass",
        },
        {
          "measure": "2",
          "offsetSeconds": 3.9706,
          "offsetTicks": 4,
          "voice": "bass",
        },
        {
          "measure": "2",
          "offsetSeconds": 4.8529,
          "offsetTicks": 12,
          "voice": "bass",
        },
        {
          "measure": "3",
          "offsetSeconds": 5.7353,
          "offsetTicks": 4,
          "voice": "bass",
        },
        {
          "measure": "3",
          "offsetSeconds": 6.6176,
          "offsetTicks": 12,
          "voice": "bass",
        },
        {
          "measure": "4",
          "offsetSeconds": 7.5,
          "offsetTicks": 4,
          "voice": "bass",
        },
        {
          "measure": "4",
          "offsetSeconds": 8.3824,
          "offsetTicks": 12,
          "voice": "bass",
        },
        {
          "measure": "5",
          "offsetSeconds": 9.2647,
          "offsetTicks": 4,
          "voice": "bass",
        },
        {
          "measure": "5",
          "offsetSeconds": 10.1471,
          "offsetTicks": 12,
          "voice": "bass",
        },
        {
          "measure": "6",
          "offsetSeconds": 11.0294,
          "offsetTicks": 4,
          "voice": "bass",
        },
        {
          "measure": "6",
          "offsetSeconds": 11.9118,
          "offsetTicks": 12,
          "voice": "bass",
        },
        {
          "measure": "8",
          "offsetSeconds": 14.5588,
          "offsetTicks": 4,
          "voice": "bass",
        },
        {
          "measure": "8",
          "offsetSeconds": 15.4412,
          "offsetTicks": 12,
          "voice": "bass",
        },
        {
          "measure": "9",
          "offsetSeconds": 16.3235,
          "offsetTicks": 4,
          "voice": "bass",
        },
        {
          "measure": "9",
          "offsetSeconds": 17.2059,
          "offsetTicks": 12,
          "voice": "bass",
        },
      ],
      "properties": {},
      "stress": 0.85,
    },
    {
      "freq": 82.41,
      "instrument": "sandstorm-bass",
      "length": 0.4412,
      "occurrences": [
        {
          "measure": "10",
          "offsetSeconds": 18.5294,
          "offsetTicks": 8,
          "voice": "bass",
        },
        {
          "measure": "2",
          "offsetSeconds": 4.4118,
          "offsetTicks": 8,
          "voice": "bass",
        },
        {
          "measure": "3",
          "offsetSeconds": 6.1765,
          "offsetTicks": 8,
          "voice": "bass",
        },
        {
          "measure": "4",
          "offsetSeconds": 7.9412,
          "offsetTicks": 8,
          "voice": "bass",
        },
        {
          "measure": "5",
          "offsetSeconds": 9.7059,
          "offsetTicks": 8,
          "voice": "bass",
        },
        {
          "measure": "6",
          "offsetSeconds": 11.4706,
          "offsetTicks": 8,
          "voice": "bass",
        },
        {
          "measure": "8",
          "offsetSeconds": 15,
          "offsetTicks": 8,
          "voice": "bass",
        },
        {
          "measure": "9",
          "offsetSeconds": 16.7647,
          "offsetTicks": 8,
          "voice": "bass",
        },
      ],
      "properties": {},
      "stress": 0.925,
    },
    {
      "freq": 82.41,
      "instrument": "sandstorm-bass",
      "length": 0.4412,
      "occurrences": [
        {
          "measure": "10",
          "offsetSeconds": 17.6471,
          "offsetTicks": 0,
          "voice": "bass",
        },
        {
          "measure": "2",
          "offsetSeconds": 3.5294,
          "offsetTicks": 0,
          "voice": "bass",
        },
        {
          "measure": "3",
          "offsetSeconds": 5.2941,
          "offsetTicks": 0,
          "voice": "bass",
        },
        {
          "measure": "4",
          "offsetSeconds": 7.0588,
          "offsetTicks": 0,
          "voice": "bass",
        },
        {
          "measure": "5",
          "offsetSeconds": 8.8235,
          "offsetTicks": 0,
          "voice": "bass",
        },
        {
          "measure": "6",
          "offsetSeconds": 10.5882,
          "offsetTicks": 0,
          "voice": "bass",
        },
        {
          "measure": "8",
          "offsetSeconds": 14.1176,
          "offsetTicks": 0,
          "voice": "bass",
        },
        {
          "measure": "9",
          "offsetSeconds": 15.8824,
          "offsetTicks": 0,
          "voice": "bass",
        },
      ],
      "properties": {},
      "stress": 1,
    },
    {
      "freq": 293.66,
      "instrument": "sandstorm-snare",
      "length": 0.1103,
      "occurrences": [
        {
          "measure": "1",
          "offsetSeconds": 2.2059,
          "offsetTicks": 4,
          "voice": "snare",
        },
        {
          "measure": "1",
          "offsetSeconds": 3.0882,
          "offsetTicks": 12,
          "voice": "snare",
        },
        {
          "measure": "10",
          "offsetSeconds": 18.0882,
          "offsetTicks": 4,
          "voice": "snare",
        },
        {
          "measure": "10",
          "offsetSeconds": 18.9706,
          "offsetTicks": 12,
          "voice": "snare",
        },
        {
          "measure": "11",
          "offsetSeconds": 19.8529,
          "offsetTicks": 4,
          "voice": "snare",
        },
        {
          "measure": "11",
          "offsetSeconds": 20.7353,
          "offsetTicks": 12,
          "voice": "snare",
        },
        {
          "measure": "2",
          "offsetSeconds": 3.9706,
          "offsetTicks": 4,
          "voice": "snare",
        },
        {
          "measure": "2",
          "offsetSeconds": 4.8529,
          "offsetTicks": 12,
          "voice": "snare",
        },
        {
          "measure": "3",
          "offsetSeconds": 5.7353,
          "offsetTicks": 4,
          "voice": "snare",
        },
        {
          "measure": "3",
          "offsetSeconds": 6.6176,
          "offsetTicks": 12,
          "voice": "snare",
        },
        {
          "measure": "4",
          "offsetSeconds": 7.5,
          "offsetTicks": 4,
          "voice": "snare",
        },
        {
          "measure": "4",
          "offsetSeconds": 8.3824,
          "offsetTicks": 12,
          "voice": "snare",
        },
        {
          "measure": "5",
          "offsetSeconds": 9.2647,
          "offsetTicks": 4,
          "voice": "snare",
        },
        {
          "measure": "5",
          "offsetSeconds": 10.1471,
          "offsetTicks": 12,
          "voice": "snare",
        },
        {
          "measure": "6",
          "offsetSeconds": 11.0294,
          "offsetTicks": 4,
          "voice": "snare",
        },
        {
          "measure": "6",
          "offsetSeconds": 11.9118,
          "offsetTicks": 12,
          "voice": "snare",
        },
        {
          "measure": "7",
          "offsetSeconds": 12.7941,
          "offsetTicks": 4,
          "voice": "snare",
        },
        {
          "measure": "7",
          "offsetSeconds": 13.6765,
          "offsetTicks": 12,
          "voice": "snare",
        },
        {
          "measure": "8",
          "offsetSeconds": 14.5588,
          "offsetTicks": 4,
          "voice": "snare",
        },
        {
          "measure": "8",
          "offsetSeconds": 15.4412,
          "offsetTicks": 12,
          "voice": "snare",
        },
        {
          "measure": "9",
          "offsetSeconds": 16.3235,
          "offsetTicks": 4,
          "voice": "snare",
        },
        {
          "measure": "9",
          "offsetSeconds": 17.2059,
          "offsetTicks": 12,
          "voice": "snare",
        },
      ],
      "properties": {},
      "stress": 0.85,
    },
    {
      "freq": 293.66,
      "instrument": "sandstorm-pad",
      "length": 1.7647,
      "occurrences": [
        {
          "measure": "11",
          "offsetSeconds": 19.4118,
          "offsetTicks": 0,
          "voice": "pad",
        },
        {
          "measure": "7",
          "offsetSeconds": 12.3529,
          "offsetTicks": 0,
          "voice": "pad",
        },
      ],
      "properties": {},
      "stress": 1,
    },
    {
      "freq": 329.63,
      "instrument": "sandstorm-pad",
      "length": 1.7647,
      "occurrences": [
        {
          "measure": "10",
          "offsetSeconds": 17.6471,
          "offsetTicks": 0,
          "voice": "pad",
        },
        {
          "measure": "2",
          "offsetSeconds": 3.5294,
          "offsetTicks": 0,
          "voice": "pad",
        },
        {
          "measure": "3",
          "offsetSeconds": 5.2941,
          "offsetTicks": 0,
          "voice": "pad",
        },
        {
          "measure": "4",
          "offsetSeconds": 7.0588,
          "offsetTicks": 0,
          "voice": "pad",
        },
        {
          "measure": "5",
          "offsetSeconds": 8.8235,
          "offsetTicks": 0,
          "voice": "pad",
        },
        {
          "measure": "6",
          "offsetSeconds": 10.5882,
          "offsetTicks": 0,
          "voice": "pad",
        },
        {
          "measure": "8",
          "offsetSeconds": 14.1176,
          "offsetTicks": 0,
          "voice": "pad",
        },
        {
          "measure": "9",
          "offsetSeconds": 15.8824,
          "offsetTicks": 0,
          "voice": "pad",
        },
      ],
      "properties": {},
      "stress": 1,
    },
    {
      "freq": 369.99,
      "instrument": "sandstorm-pad",
      "length": 1.7647,
      "occurrences": [
        {
          "measure": "11",
          "offsetSeconds": 19.4118,
          "offsetTicks": 0,
          "voice": "pad",
        },
        {
          "measure": "7",
          "offsetSeconds": 12.3529,
          "offsetTicks": 0,
          "voice": "pad",
        },
      ],
      "properties": {},
      "stress": 1,
    },
    {
      "freq": 392,
      "instrument": "sandstorm-pad",
      "length": 1.7647,
      "occurrences": [
        {
          "measure": "10",
          "offsetSeconds": 17.6471,
          "offsetTicks": 0,
          "voice": "pad",
        },
        {
          "measure": "2",
          "offsetSeconds": 3.5294,
          "offsetTicks": 0,
          "voice": "pad",
        },
        {
          "measure": "3",
          "offsetSeconds": 5.2941,
          "offsetTicks": 0,
          "voice": "pad",
        },
        {
          "measure": "4",
          "offsetSeconds": 7.0588,
          "offsetTicks": 0,
          "voice": "pad",
        },
        {
          "measure": "5",
          "offsetSeconds": 8.8235,
          "offsetTicks": 0,
          "voice": "pad",
        },
        {
          "measure": "6",
          "offsetSeconds": 10.5882,
          "offsetTicks": 0,
          "voice": "pad",
        },
        {
          "measure": "8",
          "offsetSeconds": 14.1176,
          "offsetTicks": 0,
          "voice": "pad",
        },
        {
          "measure": "9",
          "offsetSeconds": 15.8824,
          "offsetTicks": 0,
          "voice": "pad",
        },
      ],
      "properties": {},
      "stress": 1,
    },
    {
      "freq": 440,
      "instrument": "sandstorm-pad",
      "length": 1.7647,
      "occurrences": [
        {
          "measure": "11",
          "offsetSeconds": 19.4118,
          "offsetTicks": 0,
          "voice": "pad",
        },
        {
          "measure": "7",
          "offsetSeconds": 12.3529,
          "offsetTicks": 0,
          "voice": "pad",
        },
      ],
      "properties": {},
      "stress": 1,
    },
    {
      "freq": 493.88,
      "instrument": "sandstorm-pad",
      "length": 1.7647,
      "occurrences": [
        {
          "measure": "10",
          "offsetSeconds": 17.6471,
          "offsetTicks": 0,
          "voice": "pad",
        },
        {
          "measure": "2",
          "offsetSeconds": 3.5294,
          "offsetTicks": 0,
          "voice": "pad",
        },
        {
          "measure": "3",
          "offsetSeconds": 5.2941,
          "offsetTicks": 0,
          "voice": "pad",
        },
        {
          "measure": "4",
          "offsetSeconds": 7.0588,
          "offsetTicks": 0,
          "voice": "pad",
        },
        {
          "measure": "5",
          "offsetSeconds": 8.8235,
          "offsetTicks": 0,
          "voice": "pad",
        },
        {
          "measure": "6",
          "offsetSeconds": 10.5882,
          "offsetTicks": 0,
          "voice": "pad",
        },
        {
          "measure": "8",
          "offsetSeconds": 14.1176,
          "offsetTicks": 0,
          "voice": "pad",
        },
        {
          "measure": "9",
          "offsetSeconds": 15.8824,
          "offsetTicks": 0,
          "voice": "pad",
        },
      ],
      "properties": {},
      "stress": 1,
    },
    {
      "freq": 587.33,
      "instrument": "sandstorm-lead",
      "length": 0.1103,
      "occurrences": [
        {
          "measure": "11",
          "offsetSeconds": 19.6324,
          "offsetTicks": 2,
          "voice": "lead",
        },
        {
          "measure": "11",
          "offsetSeconds": 20.0735,
          "offsetTicks": 6,
          "voice": "lead",
        },
        {
          "measure": "11",
          "offsetSeconds": 20.5147,
          "offsetTicks": 10,
          "voice": "lead",
        },
        {
          "measure": "11",
          "offsetSeconds": 20.9559,
          "offsetTicks": 14,
          "voice": "lead",
        },
        {
          "measure": "7",
          "offsetSeconds": 12.5735,
          "offsetTicks": 2,
          "voice": "lead",
        },
        {
          "measure": "7",
          "offsetSeconds": 13.0147,
          "offsetTicks": 6,
          "voice": "lead",
        },
        {
          "measure": "7",
          "offsetSeconds": 13.4559,
          "offsetTicks": 10,
          "voice": "lead",
        },
        {
          "measure": "7",
          "offsetSeconds": 13.8971,
          "offsetTicks": 14,
          "voice": "lead",
        },
      ],
      "properties": {},
      "stress": 0.85,
    },
    {
      "freq": 659.26,
      "instrument": "sandstorm-lead",
      "length": 0.1103,
      "occurrences": [
        {
          "measure": "10",
          "offsetSeconds": 17.8676,
          "offsetTicks": 2,
          "voice": "lead",
        },
        {
          "measure": "10",
          "offsetSeconds": 18.3088,
          "offsetTicks": 6,
          "voice": "lead",
        },
        {
          "measure": "10",
          "offsetSeconds": 18.75,
          "offsetTicks": 10,
          "voice": "lead",
        },
        {
          "measure": "10",
          "offsetSeconds": 19.1912,
          "offsetTicks": 14,
          "voice": "lead",
        },
        {
          "measure": "4",
          "offsetSeconds": 7.2794,
          "offsetTicks": 2,
          "voice": "lead",
        },
        {
          "measure": "4",
          "offsetSeconds": 7.7206,
          "offsetTicks": 6,
          "voice": "lead",
        },
        {
          "measure": "4",
          "offsetSeconds": 8.1618,
          "offsetTicks": 10,
          "voice": "lead",
        },
        {
          "measure": "4",
          "offsetSeconds": 8.6029,
          "offsetTicks": 14,
          "voice": "lead",
        },
        {
          "measure": "5",
          "offsetSeconds": 9.0441,
          "offsetTicks": 2,
          "voice": "lead",
        },
        {
          "measure": "5",
          "offsetSeconds": 9.4853,
          "offsetTicks": 6,
          "voice": "lead",
        },
        {
          "measure": "5",
          "offsetSeconds": 9.9265,
          "offsetTicks": 10,
          "voice": "lead",
        },
        {
          "measure": "5",
          "offsetSeconds": 10.3676,
          "offsetTicks": 14,
          "voice": "lead",
        },
        {
          "measure": "6",
          "offsetSeconds": 10.8088,
          "offsetTicks": 2,
          "voice": "lead",
        },
        {
          "measure": "6",
          "offsetSeconds": 11.25,
          "offsetTicks": 6,
          "voice": "lead",
        },
        {
          "measure": "6",
          "offsetSeconds": 11.6912,
          "offsetTicks": 10,
          "voice": "lead",
        },
        {
          "measure": "6",
          "offsetSeconds": 12.1324,
          "offsetTicks": 14,
          "voice": "lead",
        },
        {
          "measure": "8",
          "offsetSeconds": 14.3382,
          "offsetTicks": 2,
          "voice": "lead",
        },
        {
          "measure": "8",
          "offsetSeconds": 14.7794,
          "offsetTicks": 6,
          "voice": "lead",
        },
        {
          "measure": "8",
          "offsetSeconds": 15.2206,
          "offsetTicks": 10,
          "voice": "lead",
        },
        {
          "measure": "8",
          "offsetSeconds": 15.6618,
          "offsetTicks": 14,
          "voice": "lead",
        },
        {
          "measure": "9",
          "offsetSeconds": 16.1029,
          "offsetTicks": 2,
          "voice": "lead",
        },
        {
          "measure": "9",
          "offsetSeconds": 16.5441,
          "offsetTicks": 6,
          "voice": "lead",
        },
        {
          "measure": "9",
          "offsetSeconds": 16.9853,
          "offsetTicks": 10,
          "voice": "lead",
        },
        {
          "measure": "9",
          "offsetSeconds": 17.4265,
          "offsetTicks": 14,
          "voice": "lead",
        },
      ],
      "properties": {},
      "stress": 0.85,
    },
    {
      "freq": 739.99,
      "instrument": "sandstorm-lead",
      "length": 0.1103,
      "occurrences": [
        {
          "measure": "11",
          "offsetSeconds": 19.5221,
          "offsetTicks": 1,
          "voice": "lead",
        },
        {
          "measure": "11",
          "offsetSeconds": 19.7426,
          "offsetTicks": 3,
          "voice": "lead",
        },
        {
          "measure": "11",
          "offsetSeconds": 19.9632,
          "offsetTicks": 5,
          "voice": "lead",
        },
        {
          "measure": "11",
          "offsetSeconds": 20.1838,
          "offsetTicks": 7,
          "voice": "lead",
        },
        {
          "measure": "11",
          "offsetSeconds": 20.4044,
          "offsetTicks": 9,
          "voice": "lead",
        },
        {
          "measure": "11",
          "offsetSeconds": 20.625,
          "offsetTicks": 11,
          "voice": "lead",
        },
        {
          "measure": "11",
          "offsetSeconds": 20.8456,
          "offsetTicks": 13,
          "voice": "lead",
        },
        {
          "measure": "11",
          "offsetSeconds": 21.0662,
          "offsetTicks": 15,
          "voice": "lead",
        },
        {
          "measure": "7",
          "offsetSeconds": 12.4632,
          "offsetTicks": 1,
          "voice": "lead",
        },
        {
          "measure": "7",
          "offsetSeconds": 12.6838,
          "offsetTicks": 3,
          "voice": "lead",
        },
        {
          "measure": "7",
          "offsetSeconds": 12.9044,
          "offsetTicks": 5,
          "voice": "lead",
        },
        {
          "measure": "7",
          "offsetSeconds": 13.125,
          "offsetTicks": 7,
          "voice": "lead",
        },
        {
          "measure": "7",
          "offsetSeconds": 13.3456,
          "offsetTicks": 9,
          "voice": "lead",
        },
        {
          "measure": "7",
          "offsetSeconds": 13.5662,
          "offsetTicks": 11,
          "voice": "lead",
        },
        {
          "measure": "7",
          "offsetSeconds": 13.7868,
          "offsetTicks": 13,
          "voice": "lead",
        },
        {
          "measure": "7",
          "offsetSeconds": 14.0074,
          "offsetTicks": 15,
          "voice": "lead",
        },
      ],
      "properties": {},
      "stress": 0.775,
    },
    {
      "freq": 783.99,
      "instrument": "sandstorm-lead",
      "length": 0.1103,
      "occurrences": [
        {
          "measure": "10",
          "offsetSeconds": 17.7574,
          "offsetTicks": 1,
          "voice": "lead",
        },
        {
          "measure": "10",
          "offsetSeconds": 17.9779,
          "offsetTicks": 3,
          "voice": "lead",
        },
        {
          "measure": "10",
          "offsetSeconds": 18.1985,
          "offsetTicks": 5,
          "voice": "lead",
        },
        {
          "measure": "10",
          "offsetSeconds": 18.4191,
          "offsetTicks": 7,
          "voice": "lead",
        },
        {
          "measure": "10",
          "offsetSeconds": 18.6397,
          "offsetTicks": 9,
          "voice": "lead",
        },
        {
          "measure": "10",
          "offsetSeconds": 18.8603,
          "offsetTicks": 11,
          "voice": "lead",
        },
        {
          "measure": "10",
          "offsetSeconds": 19.0809,
          "offsetTicks": 13,
          "voice": "lead",
        },
        {
          "measure": "10",
          "offsetSeconds": 19.3015,
          "offsetTicks": 15,
          "voice": "lead",
        },
        {
          "measure": "4",
          "offsetSeconds": 7.1691,
          "offsetTicks": 1,
          "voice": "lead",
        },
        {
          "measure": "4",
          "offsetSeconds": 7.3897,
          "offsetTicks": 3,
          "voice": "lead",
        },
        {
          "measure": "4",
          "offsetSeconds": 7.6103,
          "offsetTicks": 5,
          "voice": "lead",
        },
        {
          "measure": "4",
          "offsetSeconds": 7.8309,
          "offsetTicks": 7,
          "voice": "lead",
        },
        {
          "measure": "4",
          "offsetSeconds": 8.0515,
          "offsetTicks": 9,
          "voice": "lead",
        },
        {
          "measure": "4",
          "offsetSeconds": 8.2721,
          "offsetTicks": 11,
          "voice": "lead",
        },
        {
          "measure": "4",
          "offsetSeconds": 8.4926,
          "offsetTicks": 13,
          "voice": "lead",
        },
        {
          "measure": "4",
          "offsetSeconds": 8.7132,
          "offsetTicks": 15,
          "voice": "lead",
        },
        {
          "measure": "5",
          "offsetSeconds": 8.9338,
          "offsetTicks": 1,
          "voice": "lead",
        },
        {
          "measure": "5",
          "offsetSeconds": 9.1544,
          "offsetTicks": 3,
          "voice": "lead",
        },
        {
          "measure": "5",
          "offsetSeconds": 9.375,
          "offsetTicks": 5,
          "voice": "lead",
        },
        {
          "measure": "5",
          "offsetSeconds": 9.5956,
          "offsetTicks": 7,
          "voice": "lead",
        },
        {
          "measure": "5",
          "offsetSeconds": 9.8162,
          "offsetTicks": 9,
          "voice": "lead",
        },
        {
          "measure": "5",
          "offsetSeconds": 10.0368,
          "offsetTicks": 11,
          "voice": "lead",
        },
        {
          "measure": "5",
          "offsetSeconds": 10.2574,
          "offsetTicks": 13,
          "voice": "lead",
        },
        {
          "measure": "5",
          "offsetSeconds": 10.4779,
          "offsetTicks": 15,
          "voice": "lead",
        },
        {
          "measure": "6",
          "offsetSeconds": 10.6985,
          "offsetTicks": 1,
          "voice": "lead",
        },
        {
          "measure": "6",
          "offsetSeconds": 10.9191,
          "offsetTicks": 3,
          "voice": "lead",
        },
        {
          "measure": "6",
          "offsetSeconds": 11.1397,
          "offsetTicks": 5,
          "voice": "lead",
        },
        {
          "measure": "6",
          "offsetSeconds": 11.3603,
          "offsetTicks": 7,
          "voice": "lead",
        },
        {
          "measure": "6",
          "offsetSeconds": 11.5809,
          "offsetTicks": 9,
          "voice": "lead",
        },
        {
          "measure": "6",
          "offsetSeconds": 11.8015,
          "offsetTicks": 11,
          "voice": "lead",
        },
        {
          "measure": "6",
          "offsetSeconds": 12.0221,
          "offsetTicks": 13,
          "voice": "lead",
        },
        {
          "measure": "6",
          "offsetSeconds": 12.2426,
          "offsetTicks": 15,
          "voice": "lead",
        },
        {
          "measure": "8",
          "offsetSeconds": 14.2279,
          "offsetTicks": 1,
          "voice": "lead",
        },
        {
          "measure": "8",
          "offsetSeconds": 14.4485,
          "offsetTicks": 3,
          "voice": "lead",
        },
        {
          "measure": "8",
          "offsetSeconds": 14.6691,
          "offsetTicks": 5,
          "voice": "lead",
        },
        {
          "measure": "8",
          "offsetSeconds": 14.8897,
          "offsetTicks": 7,
          "voice": "lead",
        },
        {
          "measure": "8",
          "offsetSeconds": 15.1103,
          "offsetTicks": 9,
          "voice": "lead",
        },
        {
          "measure": "8",
          "offsetSeconds": 15.3309,
          "offsetTicks": 11,
          "voice": "lead",
        },
        {
          "measure": "8",
          "offsetSeconds": 15.5515,
          "offsetTicks": 13,
          "voice": "lead",
        },
        {
          "measure": "8",
          "offsetSeconds": 15.7721,
          "offsetTicks": 15,
          "voice": "lead",
        },
        {
          "measure": "9",
          "offsetSeconds": 15.9926,
          "offsetTicks": 1,
          "voice": "lead",
        },
        {
          "measure": "9",
          "offsetSeconds": 16.2132,
          "offsetTicks": 3,
          "voice": "lead",
        },
        {
          "measure": "9",
          "offsetSeconds": 16.4338,
          "offsetTicks": 5,
          "voice": "lead",
        },
        {
          "measure": "9",
          "offsetSeconds": 16.6544,
          "offsetTicks": 7,
          "voice": "lead",
        },
        {
          "measure": "9",
          "offsetSeconds": 16.875,
          "offsetTicks": 9,
          "voice": "lead",
        },
        {
          "measure": "9",
          "offsetSeconds": 17.0956,
          "offsetTicks": 11,
          "voice": "lead",
        },
        {
          "measure": "9",
          "offsetSeconds": 17.3162,
          "offsetTicks": 13,
          "voice": "lead",
        },
        {
          "measure": "9",
          "offsetSeconds": 17.5368,
          "offsetTicks": 15,
          "voice": "lead",
        },
      ],
      "properties": {},
      "stress": 0.775,
    },
    {
      "freq": 880,
      "instrument": "sandstorm-lead",
      "length": 0.1103,
      "occurrences": [
        {
          "measure": "11",
          "offsetSeconds": 19.8529,
          "offsetTicks": 4,
          "voice": "lead",
        },
        {
          "measure": "11",
          "offsetSeconds": 20.7353,
          "offsetTicks": 12,
          "voice": "lead",
        },
        {
          "measure": "7",
          "offsetSeconds": 12.7941,
          "offsetTicks": 4,
          "voice": "lead",
        },
        {
          "measure": "7",
          "offsetSeconds": 13.6765,
          "offsetTicks": 12,
          "voice": "lead",
        },
      ],
      "properties": {},
      "stress": 0.85,
    },
    {
      "freq": 880,
      "instrument": "sandstorm-lead",
      "length": 0.1103,
      "occurrences": [
        {
          "measure": "11",
          "offsetSeconds": 20.2941,
          "offsetTicks": 8,
          "voice": "lead",
        },
        {
          "measure": "7",
          "offsetSeconds": 13.2353,
          "offsetTicks": 8,
          "voice": "lead",
        },
      ],
      "properties": {},
      "stress": 0.925,
    },
    {
      "freq": 880,
      "instrument": "sandstorm-lead",
      "length": 0.1103,
      "occurrences": [
        {
          "measure": "11",
          "offsetSeconds": 19.4118,
          "offsetTicks": 0,
          "voice": "lead",
        },
        {
          "measure": "7",
          "offsetSeconds": 12.3529,
          "offsetTicks": 0,
          "voice": "lead",
        },
      ],
      "properties": {},
      "stress": 1,
    },
    {
      "freq": 987.77,
      "instrument": "sandstorm-lead",
      "length": 0.1103,
      "occurrences": [
        {
          "measure": "10",
          "offsetSeconds": 18.0882,
          "offsetTicks": 4,
          "voice": "lead",
        },
        {
          "measure": "10",
          "offsetSeconds": 18.9706,
          "offsetTicks": 12,
          "voice": "lead",
        },
        {
          "measure": "4",
          "offsetSeconds": 7.5,
          "offsetTicks": 4,
          "voice": "lead",
        },
        {
          "measure": "4",
          "offsetSeconds": 8.3824,
          "offsetTicks": 12,
          "voice": "lead",
        },
        {
          "measure": "5",
          "offsetSeconds": 9.2647,
          "offsetTicks": 4,
          "voice": "lead",
        },
        {
          "measure": "5",
          "offsetSeconds": 10.1471,
          "offsetTicks": 12,
          "voice": "lead",
        },
        {
          "measure": "6",
          "offsetSeconds": 11.0294,
          "offsetTicks": 4,
          "voice": "lead",
        },
        {
          "measure": "6",
          "offsetSeconds": 11.9118,
          "offsetTicks": 12,
          "voice": "lead",
        },
        {
          "measure": "8",
          "offsetSeconds": 14.5588,
          "offsetTicks": 4,
          "voice": "lead",
        },
        {
          "measure": "8",
          "offsetSeconds": 15.4412,
          "offsetTicks": 12,
          "voice": "lead",
        },
        {
          "measure": "9",
          "offsetSeconds": 16.3235,
          "offsetTicks": 4,
          "voice": "lead",
        },
        {
          "measure": "9",
          "offsetSeconds": 17.2059,
          "offsetTicks": 12,
          "voice": "lead",
        },
      ],
      "properties": {},
      "stress": 0.85,
    },
    {
      "freq": 987.77,
      "instrument": "sandstorm-lead",
      "length": 0.1103,
      "occurrences": [
        {
          "measure": "10",
          "offsetSeconds": 18.5294,
          "offsetTicks": 8,
          "voice": "lead",
        },
        {
          "measure": "4",
          "offsetSeconds": 7.9412,
          "offsetTicks": 8,
          "voice": "lead",
        },
        {
          "measure": "5",
          "offsetSeconds": 9.7059,
          "offsetTicks": 8,
          "voice": "lead",
        },
        {
          "measure": "6",
          "offsetSeconds": 11.4706,
          "offsetTicks": 8,
          "voice": "lead",
        },
        {
          "measure": "8",
          "offsetSeconds": 15,
          "offsetTicks": 8,
          "voice": "lead",
        },
        {
          "measure": "9",
          "offsetSeconds": 16.7647,
          "offsetTicks": 8,
          "voice": "lead",
        },
      ],
      "properties": {},
      "stress": 0.925,
    },
    {
      "freq": 987.77,
      "instrument": "sandstorm-lead",
      "length": 0.1103,
      "occurrences": [
        {
          "measure": "10",
          "offsetSeconds": 17.6471,
          "offsetTicks": 0,
          "voice": "lead",
        },
        {
          "measure": "4",
          "offsetSeconds": 7.0588,
          "offsetTicks": 0,
          "voice": "lead",
        },
        {
          "measure": "5",
          "offsetSeconds": 8.8235,
          "offsetTicks": 0,
          "voice": "lead",
        },
        {
          "measure": "6",
          "offsetSeconds": 10.5882,
          "offsetTicks": 0,
          "voice": "lead",
        },
        {
          "measure": "8",
          "offsetSeconds": 14.1176,
          "offsetTicks": 0,
          "voice": "lead",
        },
        {
          "measure": "9",
          "offsetSeconds": 15.8824,
          "offsetTicks": 0,
          "voice": "lead",
        },
      ],
      "properties": {},
      "stress": 1,
    },
    {
      "freq": 1760,
      "instrument": "sandstorm-hihat",
      "length": 0.1103,
      "occurrences": [
        {
          "measure": "0",
          "offsetSeconds": 0.1103,
          "offsetTicks": 1,
          "voice": "hihat",
        },
        {
          "measure": "0",
          "offsetSeconds": 0.3309,
          "offsetTicks": 3,
          "voice": "hihat",
        },
        {
          "measure": "0",
          "offsetSeconds": 0.5515,
          "offsetTicks": 5,
          "voice": "hihat",
        },
        {
          "measure": "0",
          "offsetSeconds": 0.7721,
          "offsetTicks": 7,
          "voice": "hihat",
        },
        {
          "measure": "0",
          "offsetSeconds": 0.9926,
          "offsetTicks": 9,
          "voice": "hihat",
        },
        {
          "measure": "0",
          "offsetSeconds": 1.2132,
          "offsetTicks": 11,
          "voice": "hihat",
        },
        {
          "measure": "0",
          "offsetSeconds": 1.4338,
          "offsetTicks": 13,
          "voice": "hihat",
        },
        {
          "measure": "0",
          "offsetSeconds": 1.6544,
          "offsetTicks": 15,
          "voice": "hihat",
        },
        {
          "measure": "1",
          "offsetSeconds": 1.875,
          "offsetTicks": 1,
          "voice": "hihat",
        },
        {
          "measure": "1",
          "offsetSeconds": 2.0956,
          "offsetTicks": 3,
          "voice": "hihat",
        },
        {
          "measure": "1",
          "offsetSeconds": 2.3162,
          "offsetTicks": 5,
          "voice": "hihat",
        },
        {
          "measure": "1",
          "offsetSeconds": 2.5368,
          "offsetTicks": 7,
          "voice": "hihat",
        },
        {
          "measure": "1",
          "offsetSeconds": 2.7574,
          "offsetTicks": 9,
          "voice": "hihat",
        },
        {
          "measure": "1",
          "offsetSeconds": 2.9779,
          "offsetTicks": 11,
          "voice": "hihat",
        },
        {
          "measure": "1",
          "offsetSeconds": 3.1985,
          "offsetTicks": 13,
          "voice": "hihat",
        },
        {
          "measure": "1",
          "offsetSeconds": 3.4191,
          "offsetTicks": 15,
          "voice": "hihat",
        },
        {
          "measure": "10",
          "offsetSeconds": 17.7574,
          "offsetTicks": 1,
          "voice": "hihat",
        },
        {
          "measure": "10",
          "offsetSeconds": 17.9779,
          "offsetTicks": 3,
          "voice": "hihat",
        },
        {
          "measure": "10",
          "offsetSeconds": 18.1985,
          "offsetTicks": 5,
          "voice": "hihat",
        },
        {
          "measure": "10",
          "offsetSeconds": 18.4191,
          "offsetTicks": 7,
          "voice": "hihat",
        },
        {
          "measure": "10",
          "offsetSeconds": 18.6397,
          "offsetTicks": 9,
          "voice": "hihat",
        },
        {
          "measure": "10",
          "offsetSeconds": 18.8603,
          "offsetTicks": 11,
          "voice": "hihat",
        },
        {
          "measure": "10",
          "offsetSeconds": 19.0809,
          "offsetTicks": 13,
          "voice": "hihat",
        },
        {
          "measure": "10",
          "offsetSeconds": 19.3015,
          "offsetTicks": 15,
          "voice": "hihat",
        },
        {
          "measure": "11",
          "offsetSeconds": 19.5221,
          "offsetTicks": 1,
          "voice": "hihat",
        },
        {
          "measure": "11",
          "offsetSeconds": 19.7426,
          "offsetTicks": 3,
          "voice": "hihat",
        },
        {
          "measure": "11",
          "offsetSeconds": 19.9632,
          "offsetTicks": 5,
          "voice": "hihat",
        },
        {
          "measure": "11",
          "offsetSeconds": 20.1838,
          "offsetTicks": 7,
          "voice": "hihat",
        },
        {
          "measure": "11",
          "offsetSeconds": 20.4044,
          "offsetTicks": 9,
          "voice": "hihat",
        },
        {
          "measure": "11",
          "offsetSeconds": 20.625,
          "offsetTicks": 11,
          "voice": "hihat",
        },
        {
          "measure": "11",
          "offsetSeconds": 20.8456,
          "offsetTicks": 13,
          "voice": "hihat",
        },
        {
          "measure": "11",
          "offsetSeconds": 21.0662,
          "offsetTicks": 15,
          "voice": "hihat",
        },
        {
          "measure": "2",
          "offsetSeconds": 3.6397,
          "offsetTicks": 1,
          "voice": "hihat",
        },
        {
          "measure": "2",
          "offsetSeconds": 3.8603,
          "offsetTicks": 3,
          "voice": "hihat",
        },
        {
          "measure": "2",
          "offsetSeconds": 4.0809,
          "offsetTicks": 5,
          "voice": "hihat",
        },
        {
          "measure": "2",
          "offsetSeconds": 4.3015,
          "offsetTicks": 7,
          "voice": "hihat",
        },
        {
          "measure": "2",
          "offsetSeconds": 4.5221,
          "offsetTicks": 9,
          "voice": "hihat",
        },
        {
          "measure": "2",
          "offsetSeconds": 4.7426,
          "offsetTicks": 11,
          "voice": "hihat",
        },
        {
          "measure": "2",
          "offsetSeconds": 4.9632,
          "offsetTicks": 13,
          "voice": "hihat",
        },
        {
          "measure": "2",
          "offsetSeconds": 5.1838,
          "offsetTicks": 15,
          "voice": "hihat",
        },
        {
          "measure": "3",
          "offsetSeconds": 5.4044,
          "offsetTicks": 1,
          "voice": "hihat",
        },
        {
          "measure": "3",
          "offsetSeconds": 5.625,
          "offsetTicks": 3,
          "voice": "hihat",
        },
        {
          "measure": "3",
          "offsetSeconds": 5.8456,
          "offsetTicks": 5,
          "voice": "hihat",
        },
        {
          "measure": "3",
          "offsetSeconds": 6.0662,
          "offsetTicks": 7,
          "voice": "hihat",
        },
        {
          "measure": "3",
          "offsetSeconds": 6.2868,
          "offsetTicks": 9,
          "voice": "hihat",
        },
        {
          "measure": "3",
          "offsetSeconds": 6.5074,
          "offsetTicks": 11,
          "voice": "hihat",
        },
        {
          "measure": "3",
          "offsetSeconds": 6.7279,
          "offsetTicks": 13,
          "voice": "hihat",
        },
        {
          "measure": "3",
          "offsetSeconds": 6.9485,
          "offsetTicks": 15,
          "voice": "hihat",
        },
        {
          "measure": "4",
          "offsetSeconds": 7.1691,
          "offsetTicks": 1,
          "voice": "hihat",
        },
        {
          "measure": "4",
          "offsetSeconds": 7.3897,
          "offsetTicks": 3,
          "voice": "hihat",
        },
        {
          "measure": "4",
          "offsetSeconds": 7.6103,
          "offsetTicks": 5,
          "voice": "hihat",
        },
        {
          "measure": "4",
          "offsetSeconds": 7.8309,
          "offsetTicks": 7,
          "voice": "hihat",
        },
        {
          "measure": "4",
          "offsetSeconds": 8.0515,
          "offsetTicks": 9,
          "voice": "hihat",
        },
        {
          "measure": "4",
          "offsetSeconds": 8.2721,
          "offsetTicks": 11,
          "voice": "hihat",
        },
        {
          "measure": "4",
          "offsetSeconds": 8.4926,
          "offsetTicks": 13,
          "voice": "hihat",
        },
        {
          "measure": "4",
          "offsetSeconds": 8.7132,
          "offsetTicks": 15,
          "voice": "hihat",
        },
        {
          "measure": "5",
          "offsetSeconds": 8.9338,
          "offsetTicks": 1,
          "voice": "hihat",
        },
        {
          "measure": "5",
          "offsetSeconds": 9.1544,
          "offsetTicks": 3,
          "voice": "hihat",
        },
        {
          "measure": "5",
          "offsetSeconds": 9.375,
          "offsetTicks": 5,
          "voice": "hihat",
        },
        {
          "measure": "5",
          "offsetSeconds": 9.5956,
          "offsetTicks": 7,
          "voice": "hihat",
        },
        {
          "measure": "5",
          "offsetSeconds": 9.8162,
          "offsetTicks": 9,
          "voice": "hihat",
        },
        {
          "measure": "5",
          "offsetSeconds": 10.0368,
          "offsetTicks": 11,
          "voice": "hihat",
        },
        {
          "measure": "5",
          "offsetSeconds": 10.2574,
          "offsetTicks": 13,
          "voice": "hihat",
        },
        {
          "measure": "5",
          "offsetSeconds": 10.4779,
          "offsetTicks": 15,
          "voice": "hihat",
        },
        {
          "measure": "6",
          "offsetSeconds": 10.6985,
          "offsetTicks": 1,
          "voice": "hihat",
        },
        {
          "measure": "6",
          "offsetSeconds": 10.9191,
          "offsetTicks": 3,
          "voice": "hihat",
        },
        {
          "measure": "6",
          "offsetSeconds": 11.1397,
          "offsetTicks": 5,
          "voice": "hihat",
        },
        {
          "measure": "6",
          "offsetSeconds": 11.3603,
          "offsetTicks": 7,
          "voice": "hihat",
        },
        {
          "measure": "6",
          "offsetSeconds": 11.5809,
          "offsetTicks": 9,
          "voice": "hihat",
        },
        {
          "measure": "6",
          "offsetSeconds": 11.8015,
          "offsetTicks": 11,
          "voice": "hihat",
        },
        {
          "measure": "6",
          "offsetSeconds": 12.0221,
          "offsetTicks": 13,
          "voice": "hihat",
        },
        {
          "measure": "6",
          "offsetSeconds": 12.2426,
          "offsetTicks": 15,
          "voice": "hihat",
        },
        {
          "measure": "7",
          "offsetSeconds": 12.4632,
          "offsetTicks": 1,
          "voice": "hihat",
        },
        {
          "measure": "7",
          "offsetSeconds": 12.6838,
          "offsetTicks": 3,
          "voice": "hihat",
        },
        {
          "measure": "7",
          "offsetSeconds": 12.9044,
          "offsetTicks": 5,
          "voice": "hihat",
        },
        {
          "measure": "7",
          "offsetSeconds": 13.125,
          "offsetTicks": 7,
          "voice": "hihat",
        },
        {
          "measure": "7",
          "offsetSeconds": 13.3456,
          "offsetTicks": 9,
          "voice": "hihat",
        },
        {
          "measure": "7",
          "offsetSeconds": 13.5662,
          "offsetTicks": 11,
          "voice": "hihat",
        },
        {
          "measure": "7",
          "offsetSeconds": 13.7868,
          "offsetTicks": 13,
          "voice": "hihat",
        },
        {
          "measure": "7",
          "offsetSeconds": 14.0074,
          "offsetTicks": 15,
          "voice": "hihat",
        },
        {
          "measure": "8",
          "offsetSeconds": 14.2279,
          "offsetTicks": 1,
          "voice": "hihat",
        },
        {
          "measure": "8",
          "offsetSeconds": 14.4485,
          "offsetTicks": 3,
          "voice": "hihat",
        },
        {
          "measure": "8",
          "offsetSeconds": 14.6691,
          "offsetTicks": 5,
          "voice": "hihat",
        },
        {
          "measure": "8",
          "offsetSeconds": 14.8897,
          "offsetTicks": 7,
          "voice": "hihat",
        },
        {
          "measure": "8",
          "offsetSeconds": 15.1103,
          "offsetTicks": 9,
          "voice": "hihat",
        },
        {
          "measure": "8",
          "offsetSeconds": 15.3309,
          "offsetTicks": 11,
          "voice": "hihat",
        },
        {
          "measure": "8",
          "offsetSeconds": 15.5515,
          "offsetTicks": 13,
          "voice": "hihat",
        },
        {
          "measure": "8",
          "offsetSeconds": 15.7721,
          "offsetTicks": 15,
          "voice": "hihat",
        },
        {
          "measure": "9",
          "offsetSeconds": 15.9926,
          "offsetTicks": 1,
          "voice": "hihat",
        },
        {
          "measure": "9",
          "offsetSeconds": 16.2132,
          "offsetTicks": 3,
          "voice": "hihat",
        },
        {
          "measure": "9",
          "offsetSeconds": 16.4338,
          "offsetTicks": 5,
          "voice": "hihat",
        },
        {
          "measure": "9",
          "offsetSeconds": 16.6544,
          "offsetTicks": 7,
          "voice": "hihat",
        },
        {
          "measure": "9",
          "offsetSeconds": 16.875,
          "offsetTicks": 9,
          "voice": "hihat",
        },
        {
          "measure": "9",
          "offsetSeconds": 17.0956,
          "offsetTicks": 11,
          "voice": "hihat",
        },
        {
          "measure": "9",
          "offsetSeconds": 17.3162,
          "offsetTicks": 13,
          "voice": "hihat",
        },
        {
          "measure": "9",
          "offsetSeconds": 17.5368,
          "offsetTicks": 15,
          "voice": "hihat",
        },
      ],
      "properties": {},
      "stress": 0.775,
    },
    {
      "freq": 1760,
      "instrument": "sandstorm-hihat",
      "length": 0.1103,
      "occurrences": [
        {
          "measure": "0",
          "offsetSeconds": 0.2206,
          "offsetTicks": 2,
          "voice": "hihat",
        },
        {
          "measure": "0",
          "offsetSeconds": 0.4412,
          "offsetTicks": 4,
          "voice": "hihat",
        },
        {
          "measure": "0",
          "offsetSeconds": 0.6618,
          "offsetTicks": 6,
          "voice": "hihat",
        },
        {
          "measure": "0",
          "offsetSeconds": 1.1029,
          "offsetTicks": 10,
          "voice": "hihat",
        },
        {
          "measure": "0",
          "offsetSeconds": 1.3235,
          "offsetTicks": 12,
          "voice": "hihat",
        },
        {
          "measure": "0",
          "offsetSeconds": 1.5441,
          "offsetTicks": 14,
          "voice": "hihat",
        },
        {
          "measure": "1",
          "offsetSeconds": 1.9853,
          "offsetTicks": 2,
          "voice": "hihat",
        },
        {
          "measure": "1",
          "offsetSeconds": 2.2059,
          "offsetTicks": 4,
          "voice": "hihat",
        },
        {
          "measure": "1",
          "offsetSeconds": 2.4265,
          "offsetTicks": 6,
          "voice": "hihat",
        },
        {
          "measure": "1",
          "offsetSeconds": 2.8676,
          "offsetTicks": 10,
          "voice": "hihat",
        },
        {
          "measure": "1",
          "offsetSeconds": 3.0882,
          "offsetTicks": 12,
          "voice": "hihat",
        },
        {
          "measure": "1",
          "offsetSeconds": 3.3088,
          "offsetTicks": 14,
          "voice": "hihat",
        },
        {
          "measure": "10",
          "offsetSeconds": 17.8676,
          "offsetTicks": 2,
          "voice": "hihat",
        },
        {
          "measure": "10",
          "offsetSeconds": 18.0882,
          "offsetTicks": 4,
          "voice": "hihat",
        },
        {
          "measure": "10",
          "offsetSeconds": 18.3088,
          "offsetTicks": 6,
          "voice": "hihat",
        },
        {
          "measure": "10",
          "offsetSeconds": 18.75,
          "offsetTicks": 10,
          "voice": "hihat",
        },
        {
          "measure": "10",
          "offsetSeconds": 18.9706,
          "offsetTicks": 12,
          "voice": "hihat",
        },
        {
          "measure": "10",
          "offsetSeconds": 19.1912,
          "offsetTicks": 14,
          "voice": "hihat",
        },
        {
          "measure": "11",
          "offsetSeconds": 19.6324,
          "offsetTicks": 2,
          "voice": "hihat",
        },
        {
          "measure": "11",
          "offsetSeconds": 19.8529,
          "offsetTicks": 4,
          "voice": "hihat",
        },
        {
          "measure": "11",
          "offsetSeconds": 20.0735,
          "offsetTicks": 6,
          "voice": "hihat",
        },
        {
          "measure": "11",
          "offsetSeconds": 20.5147,
          "offsetTicks": 10,
          "voice": "hihat",
        },
        {
          "measure": "11",
          "offsetSeconds": 20.7353,
          "offsetTicks": 12,
          "voice": "hihat",
        },
        {
          "measure": "11",
          "offsetSeconds": 20.9559,
          "offsetTicks": 14,
          "voice": "hihat",
        },
        {
          "measure": "2",
          "offsetSeconds": 3.75,
          "offsetTicks": 2,
          "voice": "hihat",
        },
        {
          "measure": "2",
          "offsetSeconds": 3.9706,
          "offsetTicks": 4,
          "voice": "hihat",
        },
        {
          "measure": "2",
          "offsetSeconds": 4.1912,
          "offsetTicks": 6,
          "voice": "hihat",
        },
        {
          "measure": "2",
          "offsetSeconds": 4.6324,
          "offsetTicks": 10,
          "voice": "hihat",
        },
        {
          "measure": "2",
          "offsetSeconds": 4.8529,
          "offsetTicks": 12,
          "voice": "hihat",
        },
        {
          "measure": "2",
          "offsetSeconds": 5.0735,
          "offsetTicks": 14,
          "voice": "hihat",
        },
        {
          "measure": "3",
          "offsetSeconds": 5.5147,
          "offsetTicks": 2,
          "voice": "hihat",
        },
        {
          "measure": "3",
          "offsetSeconds": 5.7353,
          "offsetTicks": 4,
          "voice": "hihat",
        },
        {
          "measure": "3",
          "offsetSeconds": 5.9559,
          "offsetTicks": 6,
          "voice": "hihat",
        },
        {
          "measure": "3",
          "offsetSeconds": 6.3971,
          "offsetTicks": 10,
          "voice": "hihat",
        },
        {
          "measure": "3",
          "offsetSeconds": 6.6176,
          "offsetTicks": 12,
          "voice": "hihat",
        },
        {
          "measure": "3",
          "offsetSeconds": 6.8382,
          "offsetTicks": 14,
          "voice": "hihat",
        },
        {
          "measure": "4",
          "offsetSeconds": 7.2794,
          "offsetTicks": 2,
          "voice": "hihat",
        },
        {
          "measure": "4",
          "offsetSeconds": 7.5,
          "offsetTicks": 4,
          "voice": "hihat",
        },
        {
          "measure": "4",
          "offsetSeconds": 7.7206,
          "offsetTicks": 6,
          "voice": "hihat",
        },
        {
          "measure": "4",
          "offsetSeconds": 8.1618,
          "offsetTicks": 10,
          "voice": "hihat",
        },
        {
          "measure": "4",
          "offsetSeconds": 8.3824,
          "offsetTicks": 12,
          "voice": "hihat",
        },
        {
          "measure": "4",
          "offsetSeconds": 8.6029,
          "offsetTicks": 14,
          "voice": "hihat",
        },
        {
          "measure": "5",
          "offsetSeconds": 9.0441,
          "offsetTicks": 2,
          "voice": "hihat",
        },
        {
          "measure": "5",
          "offsetSeconds": 9.2647,
          "offsetTicks": 4,
          "voice": "hihat",
        },
        {
          "measure": "5",
          "offsetSeconds": 9.4853,
          "offsetTicks": 6,
          "voice": "hihat",
        },
        {
          "measure": "5",
          "offsetSeconds": 9.9265,
          "offsetTicks": 10,
          "voice": "hihat",
        },
        {
          "measure": "5",
          "offsetSeconds": 10.1471,
          "offsetTicks": 12,
          "voice": "hihat",
        },
        {
          "measure": "5",
          "offsetSeconds": 10.3676,
          "offsetTicks": 14,
          "voice": "hihat",
        },
        {
          "measure": "6",
          "offsetSeconds": 10.8088,
          "offsetTicks": 2,
          "voice": "hihat",
        },
        {
          "measure": "6",
          "offsetSeconds": 11.0294,
          "offsetTicks": 4,
          "voice": "hihat",
        },
        {
          "measure": "6",
          "offsetSeconds": 11.25,
          "offsetTicks": 6,
          "voice": "hihat",
        },
        {
          "measure": "6",
          "offsetSeconds": 11.6912,
          "offsetTicks": 10,
          "voice": "hihat",
        },
        {
          "measure": "6",
          "offsetSeconds": 11.9118,
          "offsetTicks": 12,
          "voice": "hihat",
        },
        {
          "measure": "6",
          "offsetSeconds": 12.1324,
          "offsetTicks": 14,
          "voice": "hihat",
        },
        {
          "measure": "7",
          "offsetSeconds": 12.5735,
          "offsetTicks": 2,
          "voice": "hihat",
        },
        {
          "measure": "7",
          "offsetSeconds": 12.7941,
          "offsetTicks": 4,
          "voice": "hihat",
        },
        {
          "measure": "7",
          "offsetSeconds": 13.0147,
          "offsetTicks": 6,
          "voice": "hihat",
        },
        {
          "measure": "7",
          "offsetSeconds": 13.4559,
          "offsetTicks": 10,
          "voice": "hihat",
        },
        {
          "measure": "7",
          "offsetSeconds": 13.6765,
          "offsetTicks": 12,
          "voice": "hihat",
        },
        {
          "measure": "7",
          "offsetSeconds": 13.8971,
          "offsetTicks": 14,
          "voice": "hihat",
        },
        {
          "measure": "8",
          "offsetSeconds": 14.3382,
          "offsetTicks": 2,
          "voice": "hihat",
        },
        {
          "measure": "8",
          "offsetSeconds": 14.5588,
          "offsetTicks": 4,
          "voice": "hihat",
        },
        {
          "measure": "8",
          "offsetSeconds": 14.7794,
          "offsetTicks": 6,
          "voice": "hihat",
        },
        {
          "measure": "8",
          "offsetSeconds": 15.2206,
          "offsetTicks": 10,
          "voice": "hihat",
        },
        {
          "measure": "8",
          "offsetSeconds": 15.4412,
          "offsetTicks": 12,
          "voice": "hihat",
        },
        {
          "measure": "8",
          "offsetSeconds": 15.6618,
          "offsetTicks": 14,
          "voice": "hihat",
        },
        {
          "measure": "9",
          "offsetSeconds": 16.1029,
          "offsetTicks": 2,
          "voice": "hihat",
        },
        {
          "measure": "9",
          "offsetSeconds": 16.3235,
          "offsetTicks": 4,
          "voice": "hihat",
        },
        {
          "measure": "9",
          "offsetSeconds": 16.5441,
          "offsetTicks": 6,
          "voice": "hihat",
        },
        {
          "measure": "9",
          "offsetSeconds": 16.9853,
          "offsetTicks": 10,
          "voice": "hihat",
        },
        {
          "measure": "9",
          "offsetSeconds": 17.2059,
          "offsetTicks": 12,
          "voice": "hihat",
        },
        {
          "measure": "9",
          "offsetSeconds": 17.4265,
          "offsetTicks": 14,
          "voice": "hihat",
        },
      ],
      "properties": {},
      "stress": 0.85,
    },
    {
      "freq": 1760,
      "instrument": "sandstorm-hihat",
      "length": 0.1103,
      "occurrences": [
        {
          "measure": "0",
          "offsetSeconds": 0.8824,
          "offsetTicks": 8,
          "voice": "hihat",
        },
        {
          "measure": "1",
          "offsetSeconds": 2.6471,
          "offsetTicks": 8,
          "voice": "hihat",
        },
        {
          "measure": "10",
          "offsetSeconds": 18.5294,
          "offsetTicks": 8,
          "voice": "hihat",
        },
        {
          "measure": "11",
          "offsetSeconds": 20.2941,
          "offsetTicks": 8,
          "voice": "hihat",
        },
        {
          "measure": "2",
          "offsetSeconds": 4.4118,
          "offsetTicks": 8,
          "voice": "hihat",
        },
        {
          "measure": "3",
          "offsetSeconds": 6.1765,
          "offsetTicks": 8,
          "voice": "hihat",
        },
        {
          "measure": "4",
          "offsetSeconds": 7.9412,
          "offsetTicks": 8,
          "voice": "hihat",
        },
        {
          "measure": "5",
          "offsetSeconds": 9.7059,
          "offsetTicks": 8,
          "voice": "hihat",
        },
        {
          "measure": "6",
          "offsetSeconds": 11.4706,
          "offsetTicks": 8,
          "voice": "hihat",
        },
        {
          "measure": "7",
          "offsetSeconds": 13.2353,
          "offsetTicks": 8,
          "voice": "hihat",
        },
        {
          "measure": "8",
          "offsetSeconds": 15,
          "offsetTicks": 8,
          "voice": "hihat",
        },
        {
          "measure": "9",
          "offsetSeconds": 16.7647,
          "offsetTicks": 8,
          "voice": "hihat",
        },
      ],
      "properties": {},
      "stress": 0.925,
    },
    {
      "freq": 1760,
      "instrument": "sandstorm-hihat",
      "length": 0.1103,
      "occurrences": [
        {
          "measure": "0",
          "offsetSeconds": 0,
          "offsetTicks": 0,
          "voice": "hihat",
        },
        {
          "measure": "1",
          "offsetSeconds": 1.7647,
          "offsetTicks": 0,
          "voice": "hihat",
        },
        {
          "measure": "10",
          "offsetSeconds": 17.6471,
          "offsetTicks": 0,
          "voice": "hihat",
        },
        {
          "measure": "11",
          "offsetSeconds": 19.4118,
          "offsetTicks": 0,
          "voice": "hihat",
        },
        {
          "measure": "2",
          "offsetSeconds": 3.5294,
          "offsetTicks": 0,
          "voice": "hihat",
        },
        {
          "measure": "3",
          "offsetSeconds": 5.2941,
          "offsetTicks": 0,
          "voice": "hihat",
        },
        {
          "measure": "4",
          "offsetSeconds": 7.0588,
          "offsetTicks": 0,
          "voice": "hihat",
        },
        {
          "measure": "5",
          "offsetSeconds": 8.8235,
          "offsetTicks": 0,
          "voice": "hihat",
        },
        {
          "measure": "6",
          "offsetSeconds": 10.5882,
          "offsetTicks": 0,
          "voice": "hihat",
        },
        {
          "measure": "7",
          "offsetSeconds": 12.3529,
          "offsetTicks": 0,
          "voice": "hihat",
        },
        {
          "measure": "8",
          "offsetSeconds": 14.1176,
          "offsetTicks": 0,
          "voice": "hihat",
        },
        {
          "measure": "9",
          "offsetSeconds": 15.8824,
          "offsetTicks": 0,
          "voice": "hihat",
        },
      ],
      "properties": {},
      "stress": 1,
    },
  ],
  "occurrenceCount": 460,
  "totalLengthSeconds": 21.1765,
  "voices": [
    "bass",
    "hihat",
    "kick",
    "lead",
    "pad",
    "snare",
  ],
}
`;
